Archive member included to satisfy reference by file (symbol)

D:/Software/Stm32CubeIDE/STM32ide/STM32CubeIDE_2.0.0/STM32CubeIDE/plugins/com.st.stm32cube.ide.mcu.externaltools.gnu-tools-for-stm32.13.3.rel1.win32_1.0.100.202509120712/tools/bin/../lib/gcc/arm-none-eabi/13.3.1/../../../../arm-none-eabi/lib/thumb/v7-m/nofp\libc_nano.a(libc_a-assert.o)
                              ./User/Lib/FreeModbus/modbus/functions/mbutils.o (__assert_func)
D:/Software/Stm32CubeIDE/STM32ide/STM32CubeIDE_2.0.0/STM32CubeIDE/plugins/com.st.stm32cube.ide.mcu.externaltools.gnu-tools-for-stm32.13.3.rel1.win32_1.0.100.202509120712/tools/bin/../lib/gcc/arm-none-eabi/13.3.1/../../../../arm-none-eabi/lib/thumb/v7-m/nofp\libc_nano.a(libc_a-exit.o)
                              D:/Software/Stm32CubeIDE/STM32ide/STM32CubeIDE_2.0.0/STM32CubeIDE/plugins/com.st.stm32cube.ide.mcu.externaltools.gnu-tools-for-stm32.13.3.rel1.win32_1.0.100.202509120712/tools/bin/../lib/gcc/arm-none-eabi/13.3.1/../../../../arm-none-eabi/lib/thumb/v7-m/nofp/crt0.o (exit)
D:/Software/Stm32CubeIDE/STM32ide/STM32CubeIDE_2.0.0/STM32CubeIDE/plugins/com.st.stm32cube.ide.mcu.externaltools.gnu-tools-for-stm32.13.3.rel1.win32_1.0.100.202509120712/tools/bin/../lib/gcc/arm-none-eabi/13.3.1/../../../../arm-none-eabi/lib/thumb/v7-m/nofp\libc_nano.a(libc_a-findfp.o)
                              D:/Software/Stm32CubeIDE/STM32ide/STM32CubeIDE_2.0.0/STM32CubeIDE/plugins/com.st.stm32cube.ide.mcu.externaltools.gnu-tools-for-stm32.13.3.rel1.win32_1.0.100.202509120712/tools/bin/../lib/gcc/arm-none-eabi/13.3.1/../../../../arm-none-eabi/lib/thumb/v7-m/nofp\libc_nano.a(libc_a-exit.o) (__stdio_exit_handler)
D:/Software/Stm32CubeIDE/STM32ide/STM32CubeIDE_2.0.0/STM32CubeIDE/plugins/com.st.stm32cube.ide.mcu.externaltools.gnu-tools-for-stm32.13.3.rel1.win32_1.0.100.202509120712/tools/bin/../lib/gcc/arm-none-eabi/13.3.1/../../../../arm-none-eabi/lib/thumb/v7-m/nofp\libc_nano.a(libc_a-fprintf.o)
                              D:/Software/Stm32CubeIDE/STM32ide/STM32CubeIDE_2.0.0/STM32CubeIDE/plugins/com.st.stm32cube.ide.mcu.externaltools.gnu-tools-for-stm32.13.3.rel1.win32_1.0.100.202509120712/tools/bin/../lib/gcc/arm-none-eabi/13.3.1/../../../../arm-none-eabi/lib/thumb/v7-m/nofp\libc_nano.a(libc_a-assert.o) (fiprintf)
D:/Software/Stm32CubeIDE/STM32ide/STM32CubeIDE_2.0.0/STM32CubeIDE/plugins/com.st.stm32cube.ide.mcu.externaltools.gnu-tools-for-stm32.13.3.rel1.win32_1.0.100.202509120712/tools/bin/../lib/gcc/arm-none-eabi/13.3.1/../../../../arm-none-eabi/lib/thumb/v7-m/nofp\libc_nano.a(libc_a-fwalk.o)
                              D:/Software/Stm32CubeIDE/STM32ide/STM32CubeIDE_2.0.0/STM32CubeIDE/plugins/com.st.stm32cube.ide.mcu.externaltools.gnu-tools-for-stm32.13.3.rel1.win32_1.0.100.202509120712/tools/bin/../lib/gcc/arm-none-eabi/13.3.1/../../../../arm-none-eabi/lib/thumb/v7-m/nofp\libc_nano.a(libc_a-findfp.o) (_fwalk_sglue)
D:/Software/Stm32CubeIDE/STM32ide/STM32CubeIDE_2.0.0/STM32CubeIDE/plugins/com.st.stm32cube.ide.mcu.externaltools.gnu-tools-for-stm32.13.3.rel1.win32_1.0.100.202509120712/tools/bin/../lib/gcc/arm-none-eabi/13.3.1/../../../../arm-none-eabi/lib/thumb/v7-m/nofp\libc_nano.a(libc_a-stdio.o)
                              D:/Software/Stm32CubeIDE/STM32ide/STM32CubeIDE_2.0.0/STM32CubeIDE/plugins/com.st.stm32cube.ide.mcu.externaltools.gnu-tools-for-stm32.13.3.rel1.win32_1.0.100.202509120712/tools/bin/../lib/gcc/arm-none-eabi/13.3.1/../../../../arm-none-eabi/lib/thumb/v7-m/nofp\libc_nano.a(libc_a-findfp.o) (__sread)
D:/Software/Stm32CubeIDE/STM32ide/STM32CubeIDE_2.0.0/STM32CubeIDE/plugins/com.st.stm32cube.ide.mcu.externaltools.gnu-tools-for-stm32.13.3.rel1.win32_1.0.100.202509120712/tools/bin/../lib/gcc/arm-none-eabi/13.3.1/../../../../arm-none-eabi/lib/thumb/v7-m/nofp\libc_nano.a(libc_a-memset.o)
                              D:/Software/Stm32CubeIDE/STM32ide/STM32CubeIDE_2.0.0/STM32CubeIDE/plugins/com.st.stm32cube.ide.mcu.externaltools.gnu-tools-for-stm32.13.3.rel1.win32_1.0.100.202509120712/tools/bin/../lib/gcc/arm-none-eabi/13.3.1/../../../../arm-none-eabi/lib/thumb/v7-m/nofp/crt0.o (memset)
D:/Software/Stm32CubeIDE/STM32ide/STM32CubeIDE_2.0.0/STM32CubeIDE/plugins/com.st.stm32cube.ide.mcu.externaltools.gnu-tools-for-stm32.13.3.rel1.win32_1.0.100.202509120712/tools/bin/../lib/gcc/arm-none-eabi/13.3.1/../../../../arm-none-eabi/lib/thumb/v7-m/nofp\libc_nano.a(libc_a-closer.o)
                              D:/Software/Stm32CubeIDE/STM32ide/STM32CubeIDE_2.0.0/STM32CubeIDE/plugins/com.st.stm32cube.ide.mcu.externaltools.gnu-tools-for-stm32.13.3.rel1.win32_1.0.100.202509120712/tools/bin/../lib/gcc/arm-none-eabi/13.3.1/../../../../arm-none-eabi/lib/thumb/v7-m/nofp\libc_nano.a(libc_a-stdio.o) (_close_r)
D:/Software/Stm32CubeIDE/STM32ide/STM32CubeIDE_2.0.0/STM32CubeIDE/plugins/com.st.stm32cube.ide.mcu.externaltools.gnu-tools-for-stm32.13.3.rel1.win32_1.0.100.202509120712/tools/bin/../lib/gcc/arm-none-eabi/13.3.1/../../../../arm-none-eabi/lib/thumb/v7-m/nofp\libc_nano.a(libc_a-reent.o)
[...]
Memory Configuration

Name             Origin             Length             Attributes
RAM              0x20000000         0x0000c000         xrw
FLASH            0x08000000         0x00040000         xr
*default*        0x00000000         0xffffffff

Linker script and memory map

LOAD D:/Software/Stm32CubeIDE/STM32ide/STM32CubeIDE_2.0.0/STM32CubeIDE/plugins/com.st.stm32cube.ide.mcu.externaltools.gnu-tools-for-stm32.13.3.rel1.win32_1.0.100.202509120712/tools/bin/../lib/gcc/arm-none-eabi/13.3.1/thumb/v7-m/nofp/crti.o
LOAD D:/Software/Stm32CubeIDE/STM32ide/STM32CubeIDE_2.0.0/STM32CubeIDE/plugins/com.st.stm32cube.ide.mcu.externaltools.gnu-tools-for-stm32.13.3.rel1.win32_1.0.100.202509120712/tools/bin/../lib/gcc/arm-none-eabi/13.3.1/thumb/v7-m/nofp/crtbegin.o
LOAD D:/Software/Stm32CubeIDE/STM32ide/STM32CubeIDE_2.0.0/STM32CubeIDE/plugins/com.st.stm32cube.ide.mcu.externaltools.gnu-tools-for-stm32.13.3.rel1.win32_1.0.100.202509120712/tools/bin/../lib/gcc/arm-none-eabi/13.3.1/../../../../arm-none-eabi/lib/thumb/v7-m/nofp/crt0.o
LOAD ./Core/Src/gpio.o
LOAD ./Core/Src/i2c.o
LOAD ./Core/Src/main.o
LOAD ./Core/Src/spi.o
LOAD ./Core/Src/stm32f1xx_hal_msp.o
LOAD ./Core/Src/stm32f1xx_it.o
LOAD ./Core/Src/syscalls.o
LOAD ./Core/Src/sysmem.o
LOAD ./Core/Src/system_stm32f1xx.o
LOAD ./Core/Src/tim.o
LOAD ./Core/Src/usart.o
LOAD ./Core/Startup/startup_stm32f103rctx.o
LOAD ./Drivers/STM32F1xx_HAL_Driver/Src/stm32f1xx_hal.o
LOAD ./Drivers/STM32F1xx_HAL_Driver/Src/stm32f1xx_hal_cortex.o
LOAD ./Drivers/STM32F1xx_HAL_Driver/Src/stm32f1xx_hal_dma.o
LOAD ./Drivers/STM32F1xx_HAL_Driver/Src/stm32f1xx_hal_exti.o
LOAD ./Drivers/STM32F1xx_HAL_Driver/Src/stm32f1xx_hal_flash.o
LOAD ./Drivers/STM32F1xx_HAL_Driver/Src/stm32f1xx_hal_flash_ex.o
LOAD ./Drivers/STM32F1xx_HAL_Driver/Src/stm32f1xx_hal_gpio.o
LOAD ./Drivers/STM32F1xx_HAL_Driver/Src/stm32f1xx_hal_gpio_ex.o
LOAD ./Drivers/STM32F1xx_HAL_Driver/Src/stm32f1xx_hal_i2c.o
LOAD ./Drivers/STM32F1xx_HAL_Driver/Src/stm32f1xx_hal_pwr.o
LOAD ./Drivers/STM32F1xx_HAL_Driver/Src/stm32f1xx_hal_rcc.o
LOAD ./Drivers/STM32F1xx_HAL_Driver/Src/stm32f1xx_hal_rcc_ex.o
LOAD ./Drivers/STM32F1xx_HAL_Driver/Src/stm32f1xx_hal_spi.o
LOAD ./Drivers/STM32F1xx_HAL_Driver/Src/stm32f1xx_hal_tim.o
LOAD ./Drivers/STM32F1xx_HAL_Driver/Src/stm32f1xx_hal_tim_ex.o
LOAD ./Drivers/STM32F1xx_HAL_Driver/Src/stm32f1xx_hal_uart.o
LOAD ./User/Lib/FreeModbus/modbus/ascii/mbascii.o
LOAD ./User/Lib/FreeModbus/modbus/functions/mbfunccoils.o
LOAD ./User/Lib/FreeModbus/modbus/functions/mbfuncdiag.o
LOAD ./User/Lib/FreeModbus/modbus/functions/mbfuncdisc.o
LOAD ./User/Lib/FreeModbus/modbus/functions/mbfuncholding.o
LOAD ./User/Lib/FreeModbus/modbus/functions/mbfuncinput.o
LOAD ./User/Lib/FreeModbus/modbus/functions/mbfuncother.o
LOAD ./User/Lib/FreeModbus/modbus/functions/mbutils.o
LOAD ./User/Lib/FreeModbus/modbus/mb.o
LOAD ./User/Lib/FreeModbus/modbus/rtu/mbcrc.o
LOAD ./User/Lib/FreeModbus/modbus/rtu/mbrtu.o
LOAD ./User/Lib/FreeModbus/modbus/tcp/mbtcp.o
LOAD ./User/Lib/FreeModbus/port/port.o
LOAD ./User/Lib/FreeModbus/port/portevent.o
LOAD ./User/Lib/FreeModbus/port/portserial.o
LOAD ./User/Lib/FreeModbus/port/porttimer.o
LOAD ./User/Src/command.o
LOAD ./User/Src/hc_smu_control.o
START GROUP
LOAD D:/Software/Stm32CubeIDE/STM32ide/STM32CubeIDE_2.0.0/STM32CubeIDE/plugins/com.st.stm32cube.ide.mcu.externaltools.gnu-tools-for-stm32.13.3.rel1.win32_1.0.100.202509120712/tools/bin/../lib/gcc/arm-none-eabi/13.3.1/../../../../arm-none-eabi/lib/thumb/v7-m/nofp\libc_nano.a
LOAD D:/Software/Stm32CubeIDE/STM32ide/STM32CubeIDE_2.0.0/STM32CubeIDE/plugins/com.st.stm32cube.ide.mcu.externaltools.gnu-tools-for-stm32.13.3.rel1.win32_1.0.100.202509120712/tools/bin/../lib/gcc/arm-none-eabi/13.3.1/../../../../arm-none-eabi/lib/thumb/v7-m/nofp\libm.a
END GROUP
START GROUP
LOAD D:/Software/Stm32CubeIDE/STM32ide/STM32CubeIDE_2.0.0/STM32CubeIDE/plugins/com.st.stm32cube.ide.mcu.externaltools.gnu-tools-for-stm32.13.3.rel1.win32_1.0.100.202509120712/tools/bin/../lib/gcc/arm-none-eabi/13.3.1/thumb/v7-m/nofp\libgcc.a
LOAD D:/Software/Stm32CubeIDE/STM32ide/STM32CubeIDE_2.0.0/STM32CubeIDE/plugins/com.st.stm32cube.ide.mcu.externaltools.gnu-tools-for-stm32.13.3.rel1.win32_1.0.100.202509120712/tools/bin/../lib/gcc/arm-none-eabi/13.3.1/../../../../arm-none-eabi/lib/thumb/v7-m/nofp\libc_nano.a
END GROUP
START GROUP
LOAD D:/Software/Stm32CubeIDE/STM32ide/STM32CubeIDE_2.0.0/STM32CubeIDE/plugins/com.st.stm32cube.ide.mcu.externaltools.gnu-tools-for-stm32.13.3.rel1.win32_1.0.100.202509120712/tools/bin/../lib/gcc/arm-none-eabi/13.3.1/thumb/v7-m/nofp\libgcc.a
LOAD D:/Software/Stm32CubeIDE/STM32ide/STM32CubeIDE_2.0.0/STM32CubeIDE/plugins/com.st.stm32cube.ide.mcu.externaltools.gnu-tools-for-stm32.13.3.rel1.win32_1.0.100.202509120712/tools/bin/../lib/gcc/arm-none-eabi/13.3.1/../../../../arm-none-eabi/lib/thumb/v7-m/nofp\libc_nano.a
LOAD D:/Software/Stm32CubeIDE/STM32ide/STM32CubeIDE_2.0.0/STM32CubeIDE/plugins/com.st.stm32cube.ide.mcu.externaltools.gnu-tools-for-stm32.13.3.rel1.win32_1.0.100.202509120712/tools/bin/../lib/gcc/arm-none-eabi/13.3.1/../../../../arm-none-eabi/lib/thumb/v7-m/nofp\libnosys.a
END GROUP
START GROUP
LOAD D:/Software/Stm32CubeIDE/STM32ide/STM32CubeIDE_2.0.0/STM32CubeIDE/plugins/com.st.stm32cube.ide.mcu.externaltools.gnu-tools-for-stm32.13.3.rel1.win32_1.0.100.202509120712/tools/bin/../lib/gcc/arm-none-eabi/13.3.1/thumb/v7-m/nofp\libgcc.a
LOAD D:/Software/Stm32CubeIDE/STM32ide/STM32CubeIDE_2.0.0/STM32CubeIDE/plugins/com.st.stm32cube.ide.mcu.externaltools.gnu-tools-for-stm32.13.3.rel1.win32_1.0.100.202509120712/tools/bin/../lib/gcc/arm-none-eabi/13.3.1/../../../../arm-none-eabi/lib/thumb/v7-m/nofp\libc_nano.a
LOAD D:/Software/Stm32CubeIDE/STM32ide/STM32CubeIDE_2.0.0/STM32CubeIDE/plugins/com.st.stm32cube.ide.mcu.externaltools.gnu-tools-for-stm32.13.3.rel1.win32_1.0.100.202509120712/tools/bin/../lib/gcc/arm-none-eabi/13.3.1/../../../../arm-none-eabi/lib/thumb/v7-m/nofp\libnosys.a
END GROUP
LOAD D:/Software/Stm32CubeIDE/STM32ide/STM32CubeIDE_2.0.0/STM32CubeIDE/plugins/com.st.stm32cube.ide.mcu.externaltools.gnu-tools-for-stm32.13.3.rel1.win32_1.0.100.202509120712/tools/bin/../lib/gcc/arm-none-eabi/13.3.1/thumb/v7-m/nofp/crtend.o
LOAD D:/Software/Stm32CubeIDE/STM32ide/STM32CubeIDE_2.0.0/STM32CubeIDE/plugins/com.st.stm32cube.ide.mcu.externaltools.gnu-tools-for-stm32.13.3.rel1.win32_1.0.100.202509120712/tools/bin/../lib/gcc/arm-none-eabi/13.3.1/thumb/v7-m/nofp/crtn.o
                0x2000c000                        _estack = (ORIGIN (RAM) + LENGTH (RAM))
                0x00000200                        _Min_Heap_Size = 0x200
                0x00000400                        _Min_Stack_Size = 0x400

.isr_vector     0x08000000      0x1e4
                0x08000000                        . = ALIGN (0x4)
 *(.isr_vector)
 .isr_vector    0x08000000      0x1e4 ./Core/Startup/startup_stm32f103rctx.o
                0x08000000                g_pfnVectors
                0x080001e4                        . = ALIGN (0x4)

.text           0x080001e4     0x5790
                0x080001e4                        . = ALIGN (0x4)
 *(.text)
 .text          0x080001e4       0x40 D:/Software/Stm32CubeIDE/STM32ide/STM32CubeIDE_2.0.0/STM32CubeIDE/plugins/com.st.stm32cube.ide.mcu.externaltools.gnu-tools-for-stm32.13.3.rel1.win32_1.0.100.202509120712/tools/bin/../lib/gcc/arm-none-eabi/13.3.1/thumb/v7-m/nofp/crtbegin.o
 *(.text*)
 .text.MX_GPIO_Init
                0x08000224      0x10c ./Core/Src/gpio.o
                0x08000224                MX_GPIO_Init
 .text.MX_I2C2_Init
                0x08000330       0x5c ./Core/Src/i2c.o
                0x08000330                MX_I2C2_Init
 .text.HAL_I2C_MspInit
                0x0800038c       0x80 ./Core/Src/i2c.o
                0x0800038c                HAL_I2C_MspInit
 .text.main     0x0800040c       0x58 ./Core/Src/main.o
                0x0800040c                main
 .text.SystemClock_Config
                0x08000464       0x8a ./Core/Src/main.o
                0x08000464                SystemClock_Config
 .text.Error_Handler
                0x080004ee        0xc ./Core/Src/main.o
                0x080004ee                Error_Handler
 *fill*         0x080004fa        0x2 
 .text.MX_SPI2_Init
                0x080004fc       0x6c ./Core/Src/spi.o
                0x080004fc                MX_SPI2_Init
 .text.HAL_SPI_MspInit
                0x08000568       0x98 ./Core/Src/spi.o
                0x08000568                HAL_SPI_MspInit
 .text.HAL_MspInit
                0x08000600       0x64 ./Core/Src/stm32f1xx_hal_msp.o
                0x08000600                HAL_MspInit
 .text.NMI_Handler
                0x08000664        0x8 ./Core/Src/stm32f1xx_it.o
                0x08000664                NMI_Handler
 .text.HardFault_Handler
                0x0800066c        0x8 ./Core/Src/stm32f1xx_it.o
                0x0800066c                HardFault_Handler
 .text.MemManage_Handler
                0x08000674        0x8 ./Core/Src/stm32f1xx_it.o
                0x08000674                MemManage_Handler
 .text.BusFault_Handler
                0x0800067c        0x8 ./Core/Src/stm32f1xx_it.o
                0x0800067c                BusFault_Handler
 .text.UsageFault_Handler
                0x08000684        0x8 ./Core/Src/stm32f1xx_it.o
                0x08000684                UsageFault_Handler
 .text.SVC_Handler
                0x0800068c        0xc ./Core/Src/stm32f1xx_it.o
                0x0800068c                SVC_Handler
 .text.DebugMon_Handler
                0x08000698        0xc ./Core/Src/stm32f1xx_it.o
                0x08000698                DebugMon_Handler
 .text.PendSV_Handler
                0x080006a4        0xc ./Core/Src/stm32f1xx_it.o
                0x080006a4                PendSV_Handler
 .text.SysTick_Handler
                0x080006b0        0xc ./Core/Src/stm32f1xx_it.o
                0x080006b0                SysTick_Handler
 .text.USART1_IRQHandler
                0x080006bc       0xc4 ./Core/Src/stm32f1xx_it.o
                0x080006bc                USART1_IRQHandler
 .text.TIM7_IRQHandler
                0x08000780       0x30 ./Core/Src/stm32f1xx_it.o
                0x08000780                TIM7_IRQHandler
 .text._getpid  0x080007b0        0xe ./Core/Src/syscalls.o
                0x080007b0                _getpid
 .text._kill    0x080007be       0x20 ./Core/Src/syscalls.o
                0x080007be                _kill
 .text._exit    0x080007de       0x16 ./Core/Src/syscalls.o
                0x080007de                _exit
 .text._read    0x080007f4       0x3a ./Core/Src/syscalls.o
                0x080007f4                _read
 .text._write   0x0800082e       0x38 ./Core/Src/syscalls.o
                0x0800082e                _write
 .text._close   0x08000866       0x16 ./Core/Src/syscalls.o
                0x08000866                _close
 .text._fstat   0x0800087c       0x1e ./Core/Src/syscalls.o
                0x0800087c                _fstat
 .text._isatty  0x0800089a       0x14 ./Core/Src/syscalls.o
                0x0800089a                _isatty
 .text._lseek   0x080008ae       0x18 ./Core/Src/syscalls.o
                0x080008ae                _lseek
 *fill*         0x080008c6        0x2 
 .text._sbrk    0x080008c8       0x6c ./Core/Src/sysmem.o
                0x080008c8                _sbrk
 .text.SystemInit
                0x08000934        0xc ./Core/Src/system_stm32f1xx.o
                0x08000934                SystemInit
 .text.MX_TIM7_Init
                0x08000940       0x6c ./Core/Src/tim.o
                0x08000940                MX_TIM7_Init
 .text.HAL_TIM_Base_MspInit
                0x080009ac       0x4c ./Core/Src/tim.o
                0x080009ac                HAL_TIM_Base_MspInit
 .text.MX_USART1_UART_Init
                0x080009f8       0x58 ./Core/Src/usart.o
                0x080009f8                MX_USART1_UART_Init
 .text.HAL_UART_MspInit
                0x08000a50       0xa8 ./Core/Src/usart.o
                0x08000a50                HAL_UART_MspInit
 .text.RS485_SetMode
                0x08000af8       0x50 ./Core/Src/usart.o
                0x08000af8                RS485_SetMode
 .text.RS485_EnableTx
                0x08000b48        0xe ./Core/Src/usart.o
                0x08000b48                RS485_EnableTx
 .text.RS485_EnableRx
                0x08000b56        0xe ./Core/Src/usart.o
                0x08000b56                RS485_EnableRx
 .text.Reset_Handler
                0x08000b64       0x48 ./Core/Startup/startup_stm32f103rctx.o
                0x08000b64                Reset_Handler
 .text.Default_Handler
                0x08000bac        0x2 ./Core/Startup/startup_stm32f103rctx.o
                0x08000bac                RTC_Alarm_IRQHandler
                0x08000bac                EXTI2_IRQHandler
                0x08000bac                TIM8_TRG_COM_IRQHandler
                0x08000bac                TIM8_CC_IRQHandler
                0x08000bac                TIM1_CC_IRQHandler
                0x08000bac                TIM6_IRQHandler
                0x08000bac                PVD_IRQHandler
                0x08000bac                SDIO_IRQHandler
                0x08000bac                EXTI3_IRQHandler
                0x08000bac                EXTI0_IRQHandler
                0x08000bac                I2C2_EV_IRQHandler
                0x08000bac                ADC1_2_IRQHandler
                0x08000bac                SPI1_IRQHandler
                0x08000bac                TAMPER_IRQHandler
                0x08000bac                TIM8_UP_IRQHandler
                0x08000bac                DMA2_Channel2_IRQHandler
                0x08000bac                DMA1_Channel4_IRQHandler
                0x08000bac                USART3_IRQHandler
                0x08000bac                RTC_IRQHandler
                0x08000bac                DMA1_Channel7_IRQHandler
                0x08000bac                CAN1_RX1_IRQHandler
                0x08000bac                UART5_IRQHandler
                0x08000bac                ADC3_IRQHandler
                0x08000bac                TIM4_IRQHandler
                0x08000bac                DMA2_Channel1_IRQHandler
                0x08000bac                I2C1_EV_IRQHandler
                0x08000bac                DMA1_Channel6_IRQHandler
                0x08000bac                UART4_IRQHandler
                0x08000bac                TIM3_IRQHandler
                0x08000bac                RCC_IRQHandler
                0x08000bac                TIM1_TRG_COM_IRQHandler
                0x08000bac                DMA1_Channel1_IRQHandler
                0x08000bac                Default_Handler
                0x08000bac                EXTI15_10_IRQHandler
                0x08000bac                TIM5_IRQHandler
                0x08000bac                EXTI9_5_IRQHandler
                0x08000bac                SPI2_IRQHandler
                0x08000bac                DMA1_Channel5_IRQHandler
                0x08000bac                EXTI4_IRQHandler
                0x08000bac                USB_LP_CAN1_RX0_IRQHandler
                0x08000bac                USB_HP_CAN1_TX_IRQHandler
                0x08000bac                DMA1_Channel3_IRQHandler
                0x08000bac                FSMC_IRQHandler
                0x08000bac                TIM1_UP_IRQHandler
                0x08000bac                WWDG_IRQHandler
                0x08000bac                TIM2_IRQHandler
                0x08000bac                TIM1_BRK_IRQHandler
                0x08000bac                EXTI1_IRQHandler
                0x08000bac                DMA2_Channel4_5_IRQHandler
                0x08000bac                USART2_IRQHandler
                0x08000bac                I2C2_ER_IRQHandler
                0x08000bac                DMA1_Channel2_IRQHandler
                0x08000bac                TIM8_BRK_IRQHandler
                0x08000bac                CAN1_SCE_IRQHandler
                0x08000bac                FLASH_IRQHandler
                0x08000bac                SPI3_IRQHandler
                0x08000bac                I2C1_ER_IRQHandler
                0x08000bac                USBWakeUp_IRQHandler
                0x08000bac                DMA2_Channel3_IRQHandler
 *fill*         0x08000bae        0x2 
 .text.HAL_Init
                0x08000bb0       0x2c ./Drivers/STM32F1xx_HAL_Driver/Src/stm32f1xx_hal.o
                0x08000bb0                HAL_Init
 .text.HAL_InitTick
                0x08000bdc       0x60 ./Drivers/STM32F1xx_HAL_Driver/Src/stm32f1xx_hal.o
                0x08000bdc                HAL_InitTick
 .text.HAL_IncTick
                0x08000c3c       0x24 ./Drivers/STM32F1xx_HAL_Driver/Src/stm32f1xx_hal.o
                0x08000c3c                HAL_IncTick
 .text.HAL_GetTick
                0x08000c60       0x14 ./Drivers/STM32F1xx_HAL_Driver/Src/stm32f1xx_hal.o
                0x08000c60                HAL_GetTick
 .text.__NVIC_SetPriorityGrouping
                0x08000c74       0x48 ./Drivers/STM32F1xx_HAL_Driver/Src/stm32f1xx_hal_cortex.o
 .text.__NVIC_GetPriorityGrouping
                0x08000cbc       0x1c ./Drivers/STM32F1xx_HAL_Driver/Src/stm32f1xx_hal_cortex.o
 .text.__NVIC_EnableIRQ
                0x08000cd8       0x38 ./Drivers/STM32F1xx_HAL_Driver/Src/stm32f1xx_hal_cortex.o
 .text.__NVIC_SetPriority
                0x08000d10       0x54 ./Drivers/STM32F1xx_HAL_Driver/Src/stm32f1xx_hal_cortex.o
 .text.NVIC_EncodePriority
                0x08000d64       0x64 ./Drivers/STM32F1xx_HAL_Driver/Src/stm32f1xx_hal_cortex.o
 .text.SysTick_Config
                0x08000dc8       0x44 ./Drivers/STM32F1xx_HAL_Driver/Src/stm32f1xx_hal_cortex.o
 .text.HAL_NVIC_SetPriorityGrouping
                0x08000e0c       0x16 ./Drivers/STM32F1xx_HAL_Driver/Src/stm32f1xx_hal_cortex.o
                0x08000e0c                HAL_NVIC_SetPriorityGrouping
 .text.HAL_NVIC_SetPriority
                0x08000e22       0x38 ./Drivers/STM32F1xx_HAL_Driver/Src/stm32f1xx_hal_cortex.o
                0x08000e22                HAL_NVIC_SetPriority
 .text.HAL_NVIC_EnableIRQ
                0x08000e5a       0x1c ./Drivers/STM32F1xx_HAL_Driver/Src/stm32f1xx_hal_cortex.o
                0x08000e5a                HAL_NVIC_EnableIRQ
 .text.HAL_SYSTICK_Config
                0x08000e76       0x18 ./Drivers/STM32F1xx_HAL_Driver/Src/stm32f1xx_hal_cortex.o
                0x08000e76                HAL_SYSTICK_Config
 .text.HAL_DMA_Abort
                0x08000e8e       0x76 ./Drivers/STM32F1xx_HAL_Driver/Src/stm32f1xx_hal_dma.o
                0x08000e8e                HAL_DMA_Abort
 .text.HAL_DMA_Abort_IT
                0x08000f04      0x210 ./Drivers/STM32F1xx_HAL_Driver/Src/stm32f1xx_hal_dma.o
                0x08000f04                HAL_DMA_Abort_IT
 .text.HAL_GPIO_Init
                0x08001114      0x328 ./Drivers/STM32F1xx_HAL_Driver/Src/stm32f1xx_hal_gpio.o
                0x08001114                HAL_GPIO_Init
 .text.HAL_GPIO_WritePin
                0x0800143c       0x30 ./Drivers/STM32F1xx_HAL_Driver/Src/stm32f1xx_hal_gpio.o
                0x0800143c                HAL_GPIO_WritePin
 .text.HAL_I2C_Init
                0x0800146c      0x288 ./Drivers/STM32F1xx_HAL_Driver/Src/stm32f1xx_hal_i2c.o
                0x0800146c                HAL_I2C_Init
 .text.HAL_RCC_OscConfig
                0x080016f4      0x504 ./Drivers/STM32F1xx_HAL_Driver/Src/stm32f1xx_hal_rcc.o
                0x080016f4                HAL_RCC_OscConfig
 .text.HAL_RCC_ClockConfig
                0x08001bf8      0x1d4 ./Drivers/STM32F1xx_HAL_Driver/Src/stm32f1xx_hal_rcc.o
                0x08001bf8                HAL_RCC_ClockConfig
 .text.HAL_RCC_GetSysClockFreq
                0x08001dcc       0xa8 ./Drivers/STM32F1xx_HAL_Driver/Src/stm32f1xx_hal_rcc.o
                0x08001dcc                HAL_RCC_GetSysClockFreq
 .text.HAL_RCC_GetHCLKFreq
                0x08001e74       0x14 ./Drivers/STM32F1xx_HAL_Driver/Src/stm32f1xx_hal_rcc.o
                0x08001e74                HAL_RCC_GetHCLKFreq
 .text.HAL_RCC_GetPCLK1Freq
                0x08001e88       0x28 ./Drivers/STM32F1xx_HAL_Driver/Src/stm32f1xx_hal_rcc.o
                0x08001e88                HAL_RCC_GetPCLK1Freq
 .text.HAL_RCC_GetPCLK2Freq
                0x08001eb0       0x28 ./Drivers/STM32F1xx_HAL_Driver/Src/stm32f1xx_hal_rcc.o
                0x08001eb0                HAL_RCC_GetPCLK2Freq
 .text.RCC_Delay
                0x08001ed8       0x3c ./Drivers/STM32F1xx_HAL_Driver/Src/stm32f1xx_hal_rcc.o
 .text.HAL_SPI_Init
                0x08001f14      0x108 ./Drivers/STM32F1xx_HAL_Driver/Src/stm32f1xx_hal_spi.o
                0x08001f14                HAL_SPI_Init
 .text.HAL_TIM_Base_Init
                0x0800201c       0x9e ./Drivers/STM32F1xx_HAL_Driver/Src/stm32f1xx_hal_tim.o
                0x0800201c                HAL_TIM_Base_Init
 .text.HAL_TIM_IRQHandler
                0x080020ba      0x1e0 ./Drivers/STM32F1xx_HAL_Driver/Src/stm32f1xx_hal_tim.o
                0x080020ba                HAL_TIM_IRQHandler
 .text.HAL_TIM_PeriodElapsedCallback
                0x0800229a       0x12 ./Drivers/STM32F1xx_HAL_Driver/Src/stm32f1xx_hal_tim.o
                0x0800229a                HAL_TIM_PeriodElapsedCallback
 .text.HAL_TIM_OC_DelayElapsedCallback
                0x080022ac       0x12 ./Drivers/STM32F1xx_HAL_Driver/Src/stm32f1xx_hal_tim.o
                0x080022ac                HAL_TIM_OC_DelayElapsedCallback
 .text.HAL_TIM_IC_CaptureCallback
                0x080022be       0x12 ./Drivers/STM32F1xx_HAL_Driver/Src/stm32f1xx_hal_tim.o
                0x080022be                HAL_TIM_IC_CaptureCallback
 .text.HAL_TIM_PWM_PulseFinishedCallback
                0x080022d0       0x12 ./Drivers/STM32F1xx_HAL_Driver/Src/stm32f1xx_hal_tim.o
                0x080022d0                HAL_TIM_PWM_PulseFinishedCallback
 .text.HAL_TIM_TriggerCallback
                0x080022e2       0x12 ./Drivers/STM32F1xx_HAL_Driver/Src/stm32f1xx_hal_tim.o
                0x080022e2                HAL_TIM_TriggerCallback
 .text.TIM_Base_SetConfig
                0x080022f4      0x10c ./Drivers/STM32F1xx_HAL_Driver/Src/stm32f1xx_hal_tim.o
                0x080022f4                TIM_Base_SetConfig
 .text.HAL_TIMEx_MasterConfigSynchronization
                0x08002400       0xd8 ./Drivers/STM32F1xx_HAL_Driver/Src/stm32f1xx_hal_tim_ex.o
                0x08002400                HAL_TIMEx_MasterConfigSynchronization
 .text.HAL_TIMEx_CommutCallback
                0x080024d8       0x12 ./Drivers/STM32F1xx_HAL_Driver/Src/stm32f1xx_hal_tim_ex.o
                0x080024d8                HAL_TIMEx_CommutCallback
 .text.HAL_TIMEx_BreakCallback
                0x080024ea       0x12 ./Drivers/STM32F1xx_HAL_Driver/Src/stm32f1xx_hal_tim_ex.o
                0x080024ea                HAL_TIMEx_BreakCallback
 .text.HAL_UART_Init
                0x080024fc       0xa0 ./Drivers/STM32F1xx_HAL_Driver/Src/stm32f1xx_hal_uart.o
                0x080024fc                HAL_UART_Init
 .text.HAL_UART_IRQHandler
                0x0800259c      0x524 ./Drivers/STM32F1xx_HAL_Driver/Src/stm32f1xx_hal_uart.o
                0x0800259c                HAL_UART_IRQHandler
 .text.HAL_UART_TxCpltCallback
                0x08002ac0       0x12 ./Drivers/STM32F1xx_HAL_Driver/Src/stm32f1xx_hal_uart.o
                0x08002ac0                HAL_UART_TxCpltCallback
 .text.HAL_UART_RxCpltCallback
                0x08002ad2       0x12 ./Drivers/STM32F1xx_HAL_Driver/Src/stm32f1xx_hal_uart.o
                0x08002ad2                HAL_UART_RxCpltCallback
 .text.HAL_UART_ErrorCallback
                0x08002ae4       0x12 ./Drivers/STM32F1xx_HAL_Driver/Src/stm32f1xx_hal_uart.o
                0x08002ae4                HAL_UART_ErrorCallback
 .text.HAL_UARTEx_RxEventCallback
                0x08002af6       0x16 ./Drivers/STM32F1xx_HAL_Driver/Src/stm32f1xx_hal_uart.o
                0x08002af6                HAL_UARTEx_RxEventCallback
 .text.UART_EndRxTransfer
                0x08002b0c       0xc4 ./Drivers/STM32F1xx_HAL_Driver/Src/stm32f1xx_hal_uart.o
 .text.UART_DMAAbortOnError
                0x08002bd0       0x28 ./Drivers/STM32F1xx_HAL_Driver/Src/stm32f1xx_hal_uart.o
 .text.UART_Transmit_IT
                0x08002bf8       0x9e ./Drivers/STM32F1xx_HAL_Driver/Src/stm32f1xx_hal_uart.o
 .text.UART_EndTransmit_IT
                0x08002c96       0x30 ./Drivers/STM32F1xx_HAL_Driver/Src/stm32f1xx_hal_uart.o
 .text.UART_Receive_IT
                0x08002cc6      0x17c ./Drivers/STM32F1xx_HAL_Driver/Src/stm32f1xx_hal_uart.o
 *fill*         0x08002e42        0x2 
 .text.UART_SetConfig
                0x08002e44      0x11c ./Drivers/STM32F1xx_HAL_Driver/Src/stm32f1xx_hal_uart.o
 .text.eMBFuncReadCoils
                0x08002f60       0xfa ./User/Lib/FreeModbus/modbus/functions/mbfunccoils.o
                0x08002f60                eMBFuncReadCoils
 .text.eMBFuncWriteCoil
                0x0800305a       0xa4 ./User/Lib/FreeModbus/modbus/functions/mbfunccoils.o
                0x0800305a                eMBFuncWriteCoil
 .text.eMBFuncWriteMultipleCoils
                0x080030fe       0xca ./User/Lib/FreeModbus/modbus/functions/mbfunccoils.o
                0x080030fe                eMBFuncWriteMultipleCoils
 .text.eMBFuncReadDiscreteInputs
                0x080031c8       0xfa ./User/Lib/FreeModbus/modbus/functions/mbfuncdisc.o
                0x080031c8                eMBFuncReadDiscreteInputs
 .text.eMBFuncWriteHoldingRegister
                0x080032c2       0x68 ./User/Lib/FreeModbus/modbus/functions/mbfuncholding.o
                0x080032c2                eMBFuncWriteHoldingRegister
 .text.eMBFuncWriteMultipleHoldingRegister
                0x0800332a       0xae ./User/Lib/FreeModbus/modbus/functions/mbfuncholding.o
                0x0800332a                eMBFuncWriteMultipleHoldingRegister
 .text.eMBFuncReadHoldingRegister
                0x080033d8       0xda ./User/Lib/FreeModbus/modbus/functions/mbfuncholding.o
                0x080033d8                eMBFuncReadHoldingRegister
 .text.eMBFuncReadWriteMultipleHoldingRegister
                0x080034b2      0x14c ./User/Lib/FreeModbus/modbus/functions/mbfuncholding.o
                0x080034b2                eMBFuncReadWriteMultipleHoldingRegister
 .text.eMBFuncReadInputRegister
                0x080035fe       0xe0 ./User/Lib/FreeModbus/modbus/functions/mbfuncinput.o
                0x080035fe                eMBFuncReadInputRegister
 *fill*         0x080036de        0x2 
 .text.eMBFuncReportSlaveID
                0x080036e0       0x38 ./User/Lib/FreeModbus/modbus/functions/mbfuncother.o
                0x080036e0                eMBFuncReportSlaveID
 .text.prveMBError2Exception
                0x08003718       0x42 ./User/Lib/FreeModbus/modbus/functions/mbutils.o
                0x08003718                prveMBError2Exception
 *fill*         0x0800375a        0x2 
 .text.eMBInit  0x0800375c       0xf8 ./User/Lib/FreeModbus/modbus/mb.o
                0x0800375c                eMBInit
 .text.eMBEnable
                0x08003854       0x38 ./User/Lib/FreeModbus/modbus/mb.o
                0x08003854                eMBEnable
 .text.eMBPoll  0x0800388c      0x174 ./User/Lib/FreeModbus/modbus/mb.o
                0x0800388c                eMBPoll
 .text.usMBCRC16
                0x08003a00       0x6c ./User/Lib/FreeModbus/modbus/rtu/mbcrc.o
                0x08003a00                usMBCRC16
 .text.eMBRTUInit
                0x08003a6c       0x78 ./User/Lib/FreeModbus/modbus/rtu/mbrtu.o
                0x08003a6c                eMBRTUInit
 .text.eMBRTUStart
                0x08003ae4       0x28 ./User/Lib/FreeModbus/modbus/rtu/mbrtu.o
                0x08003ae4                eMBRTUStart
 .text.eMBRTUStop
                0x08003b0c       0x1c ./User/Lib/FreeModbus/modbus/rtu/mbrtu.o
                0x08003b0c                eMBRTUStop
 .text.eMBRTUReceive
                0x08003b28       0x94 ./User/Lib/FreeModbus/modbus/rtu/mbrtu.o
                0x08003b28                eMBRTUReceive
 .text.eMBRTUSend
                0x08003bbc       0xc8 ./User/Lib/FreeModbus/modbus/rtu/mbrtu.o
                0x08003bbc                eMBRTUSend
 .text.xMBRTUReceiveFSM
                0x08003c84       0xac ./User/Lib/FreeModbus/modbus/rtu/mbrtu.o
                0x08003c84                xMBRTUReceiveFSM
 .text.xMBRTUTransmitFSM
                0x08003d30       0x88 ./User/Lib/FreeModbus/modbus/rtu/mbrtu.o
                0x08003d30                xMBRTUTransmitFSM
 .text.xMBRTUTimerT35Expired
                0x08003db8       0x8c ./User/Lib/FreeModbus/modbus/rtu/mbrtu.o
                0x08003db8                xMBRTUTimerT35Expired
 .text.eMBRegInputCB
                0x08003e44       0x70 ./User/Lib/FreeModbus/port/port.o
                0x08003e44                eMBRegInputCB
 .text.eMBRegHoldingCB
                0x08003eb4       0xbc ./User/Lib/FreeModbus/port/port.o
                0x08003eb4                eMBRegHoldingCB
 .text.eMBRegCoilsCB
                0x08003f70      0x128 ./User/Lib/FreeModbus/port/port.o
                0x08003f70                eMBRegCoilsCB
 .text.eMBRegDiscreteCB
                0x08004098       0xb0 ./User/Lib/FreeModbus/port/port.o
                0x08004098                eMBRegDiscreteCB
 .text.xMBPortEventInit
                0x08004148       0x18 ./User/Lib/FreeModbus/port/portevent.o
                0x08004148                xMBPortEventInit
 .text.xMBPortEventPost
                0x08004160       0x2c ./User/Lib/FreeModbus/port/portevent.o
                0x08004160                xMBPortEventPost
 .text.xMBPortEventGet
                0x0800418c       0x40 ./User/Lib/FreeModbus/port/portevent.o
                0x0800418c                xMBPortEventGet
 .text.vMBPortSerialEnable
                0x080041cc       0xb0 ./User/Lib/FreeModbus/port/portserial.o
                0x080041cc                vMBPortSerialEnable
 .text.xMBPortSerialInit
                0x0800427c       0x50 ./User/Lib/FreeModbus/port/portserial.o
                0x0800427c                xMBPortSerialInit
 .text.xMBPortSerialPutByte
                0x080042cc       0x24 ./User/Lib/FreeModbus/port/portserial.o
                0x080042cc                xMBPortSerialPutByte
 .text.xMBPortSerialGetByte
                0x080042f0       0x28 ./User/Lib/FreeModbus/port/portserial.o
                0x080042f0                xMBPortSerialGetByte
 .text.prvvUARTTxReadyISR
                0x08004318       0x14 ./User/Lib/FreeModbus/port/portserial.o
                0x08004318                prvvUARTTxReadyISR
 .text.prvvUARTRxISR
                0x0800432c       0x14 ./User/Lib/FreeModbus/port/portserial.o
                0x0800432c                prvvUARTRxISR
 .text.xMBPortTimersInit
                0x08004340       0x94 ./User/Lib/FreeModbus/port/porttimer.o
                0x08004340                xMBPortTimersInit
 .text.vMBPortTimersEnable
                0x080043d4       0x44 ./User/Lib/FreeModbus/port/porttimer.o
                0x080043d4                vMBPortTimersEnable
 .text.vMBPortTimersDisable
                0x08004418       0x64 ./User/Lib/FreeModbus/port/porttimer.o
                0x08004418                vMBPortTimersDisable
 .text.prvvTIMERExpiredISR
                0x0800447c       0x14 ./User/Lib/FreeModbus/port/porttimer.o
                0x0800447c                prvvTIMERExpiredISR
 .text.cmd_cache_holdreg
                0x08004490       0x68 ./User/Src/command.o
 .text.cmd_cmp_holdreg
                0x080044f8       0x80 ./User/Src/command.o
 .text.init_DATA_Struct
                0x08004578       0x48 ./User/Src/command.o
                0x08004578                init_DATA_Struct
 .text.CMD_IsSystemUnlocked
                0x080045c0       0x38 ./User/Src/command.o
                0x080045c0                CMD_IsSystemUnlocked
 .text.CMD_ProcessTask
                0x080045f8       0x7c ./User/Src/command.o
                0x080045f8                CMD_ProcessTask
 .text.cmd_process_resistor_change
                0x08004674       0x38 ./User/Src/command.o
 .text.cmd_process_channel_change
                0x080046ac       0x38 ./User/Src/command.o
 .text.cmd_process_iv_source_change
                0x080046e4       0x3c ./User/Src/command.o
 .text.cmd_process_shortground_change
                0x08004720       0x3c ./User/Src/command.o
 .text.HC_SMU_Init
                0x0800475c       0x38 ./User/Src/hc_smu_control.o
                0x0800475c                HC_SMU_Init
 .text.HC_SMU_SetMOSState
                0x08004794       0x4c ./User/Src/hc_smu_control.o
                0x08004794                HC_SMU_SetMOSState
 .text.HC_SMU_SelectChannel
                0x080047e0       0x60 ./User/Src/hc_smu_control.o
                0x080047e0                HC_SMU_SelectChannel
 .text.HC_SMU_CloseAllChannels
                0x08004840       0x4c ./User/Src/hc_smu_control.o
                0x08004840                HC_SMU_CloseAllChannels
 .text.HC_SMU_SetMeasureMode
                0x0800488c       0x54 ./User/Src/hc_smu_control.o
                0x0800488c                HC_SMU_SetMeasureMode
 .text.HC_SMU_SetResistorGear
                0x080048e0       0x54 ./User/Src/hc_smu_control.o
                0x080048e0                HC_SMU_SetResistorGear
 .text.HC_SMU_DisableAllResistors
                0x08004934       0x4c ./User/Src/hc_smu_control.o
                0x08004934                HC_SMU_DisableAllResistors
 .text.HC_SMU_SetGPIO
                0x08004980       0x24 ./User/Src/hc_smu_control.o
 .text.HC_SMU_ApplyGearConfig
                0x080049a4       0x5c ./User/Src/hc_smu_control.o
 .text.__assert_func
                0x08004a00       0x3c D:/Software/Stm32CubeIDE/STM32ide/STM32CubeIDE_2.0.0/STM32CubeIDE/plugins/com.st.stm32cube.ide.mcu.externaltools.gnu-tools-for-stm32.13.3.rel1.win32_1.0.100.202509120712/tools/bin/../lib/gcc/arm-none-eabi/13.3.1/../../../../arm-none-eabi/lib/thumb/v7-m/nofp\libc_nano.a(libc_a-assert.o)
                0x08004a00                __assert_func
 .text.std      0x08004a3c       0x6c D:/Software/Stm32CubeIDE/STM32ide/STM32CubeIDE_2.0.0/STM32CubeIDE/plugins/com.st.stm32cube.ide.mcu.externaltools.gnu-tools-for-stm32.13.3.rel1.win32_1.0.100.202509120712/tools/bin/../lib/gcc/arm-none-eabi/13.3.1/../../../../arm-none-eabi/lib/thumb/v7-m/nofp\libc_nano.a(libc_a-findfp.o)
 .text.stdio_exit_handler
                0x08004aa8       0x18 D:/Software/Stm32CubeIDE/STM32ide/STM32CubeIDE_2.0.0/STM32CubeIDE/plugins/com.st.stm32cube.ide.mcu.externaltools.gnu-tools-for-stm32.13.3.rel1.win32_1.0.100.202509120712/tools/bin/../lib/gcc/arm-none-eabi/13.3.1/../../../../arm-none-eabi/lib/thumb/v7-m/nofp\libc_nano.a(libc_a-findfp.o)
 .text.cleanup_stdio
                0x08004ac0       0x40 D:/Software/Stm32CubeIDE/STM32ide/STM32CubeIDE_2.0.0/STM32CubeIDE/plugins/com.st.stm32cube.ide.mcu.externaltools.gnu-tools-for-stm32.13.3.rel1.win32_1.0.100.202509120712/tools/bin/../lib/gcc/arm-none-eabi/13.3.1/../../../../arm-none-eabi/lib/thumb/v7-m/nofp\libc_nano.a(libc_a-findfp.o)
 .text.global_stdio_init.part.0
                0x08004b00       0x3c D:/Software/Stm32CubeIDE/STM32ide/STM32CubeIDE_2.0.0/STM32CubeIDE/plugins/com.st.stm32cube.ide.mcu.externaltools.gnu-tools-for-stm32.13.3.rel1.win32_1.0.100.202509120712/tools/bin/../lib/gcc/arm-none-eabi/13.3.1/../../../../arm-none-eabi/lib/thumb/v7-m/nofp\libc_nano.a(libc_a-findfp.o)
 .text.__sfp_lock_acquire
                0x08004b3c        0xc D:/Software/Stm32CubeIDE/STM32ide/STM32CubeIDE_2.0.0/STM32CubeIDE/plugins/com.st.stm32cube.ide.mcu.externaltools.gnu-tools-for-stm32.13.3.rel1.win32_1.0.100.202509120712/tools/bin/../lib/gcc/arm-none-eabi/13.3.1/../../../../arm-none-eabi/lib/thumb/v7-m/nofp\libc_nano.a(libc_a-findfp.o)
                0x08004b3c                __sfp_lock_acquire
 .text.__sfp_lock_release
                0x08004b48        0xc D:/Software/Stm32CubeIDE/STM32ide/STM32CubeIDE_2.0.0/STM32CubeIDE/plugins/com.st.stm32cube.ide.mcu.externaltools.gnu-tools-for-stm32.13.3.rel1.win32_1.0.100.202509120712/tools/bin/../lib/gcc/arm-none-eabi/13.3.1/../../../../arm-none-eabi/lib/thumb/v7-m/nofp\libc_nano.a(libc_a-findfp.o)
                0x08004b48                __sfp_lock_release
 .text.__sinit  0x08004b54       0x30 D:/Software/Stm32CubeIDE/STM32ide/STM32CubeIDE_2.0.0/STM32CubeIDE/plugins/com.st.stm32cube.ide.mcu.externaltools.gnu-tools-for-stm32.13.3.rel1.win32_1.0.100.202509120712/tools/bin/../lib/gcc/arm-none-eabi/13.3.1/../../../../arm-none-eabi/lib/thumb/v7-m/nofp\libc_nano.a(libc_a-findfp.o)
                0x08004b54                __sinit
 .text.fprintf  0x08004b84       0x24 D:/Software/Stm32CubeIDE/STM32ide/STM32CubeIDE_2.0.0/STM32CubeIDE/plugins/com.st.stm32cube.ide.mcu.externaltools.gnu-tools-for-stm32.13.3.rel1.win32_1.0.100.202509120712/tools/bin/../lib/gcc/arm-none-eabi/13.3.1/../../../../arm-none-eabi/lib/thumb/v7-m/nofp\libc_nano.a(libc_a-fprintf.o)
                0x08004b84                fiprintf
                0x08004b84                fprintf
 .text._fwalk_sglue
                0x08004ba8       0x3c D:/Software/Stm32CubeIDE/STM32ide/STM32CubeIDE_2.0.0/STM32CubeIDE/plugins/com.st.stm32cube.ide.mcu.externaltools.gnu-tools-for-stm32.13.3.rel1.win32_1.0.100.202509120712/tools/bin/../lib/gcc/arm-none-eabi/13.3.1/../../../../arm-none-eabi/lib/thumb/v7-m/nofp\libc_nano.a(libc_a-fwalk.o)
                0x08004ba8                _fwalk_sglue
 .text.__sread  0x08004be4       0x22 D:/Software/Stm32CubeIDE/STM32ide/STM32CubeIDE_2.0.0/STM32CubeIDE/plugins/com.st.stm32cube.ide.mcu.externaltools.gnu-tools-for-stm32.13.3.rel1.win32_1.0.100.202509120712/tools/bin/../lib/gcc/arm-none-eabi/13.3.1/../../../../arm-none-eabi/lib/thumb/v7-m/nofp\libc_nano.a(libc_a-stdio.o)
                0x08004be4                __sread
 .text.__swrite
                0x08004c06       0x38 D:/Software/Stm32CubeIDE/STM32ide/STM32CubeIDE_2.0.0/STM32CubeIDE/plugins/com.st.stm32cube.ide.mcu.externaltools.gnu-tools-for-stm32.13.3.rel1.win32_1.0.100.202509120712/tools/bin/../lib/gcc/arm-none-eabi/13.3.1/../../../../arm-none-eabi/lib/thumb/v7-m/nofp\libc_nano.a(libc_a-stdio.o)
                0x08004c06                __swrite
 .text.__sseek  0x08004c3e       0x24 D:/Software/Stm32CubeIDE/STM32ide/STM32CubeIDE_2.0.0/STM32CubeIDE/plugins/com.st.stm32cube.ide.mcu.externaltools.gnu-tools-for-stm32.13.3.rel1.win32_1.0.100.202509120712/tools/bin/../lib/gcc/arm-none-eabi/13.3.1/../../../../arm-none-eabi/lib/thumb/v7-m/nofp\libc_nano.a(libc_a-stdio.o)
                0x08004c3e                __sseek
 .text.__sclose
                0x08004c62        0x8 D:/Software/Stm32CubeIDE/STM32ide/STM32CubeIDE_2.0.0/STM32CubeIDE/plugins/com.st.stm32cube.ide.mcu.externaltools.gnu-tools-for-stm32.13.3.rel1.win32_1.0.100.202509120712/tools/bin/../lib/gcc/arm-none-eabi/13.3.1/../../../../arm-none-eabi/lib/thumb/v7-m/nofp\libc_nano.a(libc_a-stdio.o)
                0x08004c62                __sclose
 .text.memset   0x08004c6a       0x10 D:/Software/Stm32CubeIDE/STM32ide/STM32CubeIDE_2.0.0/STM32CubeIDE/plugins/com.st.stm32cube.ide.mcu.externaltools.gnu-tools-for-stm32.13.3.rel1.win32_1.0.100.202509120712/tools/bin/../lib/gcc/arm-none-eabi/13.3.1/../../../../arm-none-eabi/lib/thumb/v7-m/nofp\libc_nano.a(libc_a-memset.o)
                0x08004c6a                memset
 *fill*         0x08004c7a        0x2 
 .text._close_r
                0x08004c7c       0x20 D:/Software/Stm32CubeIDE/STM32ide/STM32CubeIDE_2.0.0/STM32CubeIDE/plugins/com.st.stm32cube.ide.mcu.externaltools.gnu-tools-for-stm32.13.3.rel1.win32_1.0.100.202509120712/tools/bin/../lib/gcc/arm-none-eabi/13.3.1/../../../../arm-none-eabi/lib/thumb/v7-m/nofp\libc_nano.a(libc_a-closer.o)
                0x08004c7c                _close_r
 .text._lseek_r
                0x08004c9c       0x24 D:/Software/Stm32CubeIDE/STM32ide/STM32CubeIDE_2.0.0/STM32CubeIDE/plugins/com.st.stm32cube.ide.mcu.externaltools.gnu-tools-for-stm32.13.3.rel1.win32_1.0.100.202509120712/tools/bin/../lib/gcc/arm-none-eabi/13.3.1/../../../../arm-none-eabi/lib/thumb/v7-m/nofp\libc_nano.a(libc_a-lseekr.o)
                0x08004c9c                _lseek_r
 .text._read_r  0x08004cc0       0x24 D:/Software/Stm32CubeIDE/STM32ide/STM32CubeIDE_2.0.0/STM32CubeIDE/plugins/com.st.stm32cube.ide.mcu.externaltools.gnu-tools-for-stm32.13.3.rel1.win32_1.0.100.202509120712/tools/bin/../lib/gcc/arm-none-eabi/13.3.1/../../../../arm-none-eabi/lib/thumb/v7-m/nofp\libc_nano.a(libc_a-readr.o)
                0x08004cc0                _read_r
 .text._write_r
                0x08004ce4       0x24 D:/Software/Stm32CubeIDE/STM32ide/STM32CubeIDE_2.0.0/STM32CubeIDE/plugins/com.st.stm32cube.ide.mcu.externaltools.gnu-tools-for-stm32.13.3.rel1.win32_1.0.100.202509120712/tools/bin/../lib/gcc/arm-none-eabi/13.3.1/../../../../arm-none-eabi/lib/thumb/v7-m/nofp\libc_nano.a(libc_a-writer.o)
                0x08004ce4                _write_r
 .text.__errno  0x08004d08        0xc D:/Software/Stm32CubeIDE/STM32ide/STM32CubeIDE_2.0.0/STM32CubeIDE/plugins/com.st.stm32cube.ide.mcu.externaltools.gnu-tools-for-stm32.13.3.rel1.win32_1.0.100.202509120712/tools/bin/../lib/gcc/arm-none-eabi/13.3.1/../../../../arm-none-eabi/lib/thumb/v7-m/nofp\libc_nano.a(libc_a-errno.o)
                0x08004d08                __errno
 .text.__libc_init_array
                0x08004d14       0x48 D:/Software/Stm32CubeIDE/STM32ide/STM32CubeIDE_2.0.0/STM32CubeIDE/plugins/com.st.stm32cube.ide.mcu.externaltools.gnu-tools-for-stm32.13.3.rel1.win32_1.0.100.202509120712/tools/bin/../lib/gcc/arm-none-eabi/13.3.1/../../../../arm-none-eabi/lib/thumb/v7-m/nofp\libc_nano.a(libc_a-init.o)
                0x08004d14                __libc_init_array
 .text.__retarget_lock_init_recursive
                0x08004d5c        0x2 D:/Software/Stm32CubeIDE/STM32ide/STM32CubeIDE_2.0.0/STM32CubeIDE/plugins/com.st.stm32cube.ide.mcu.externaltools.gnu-tools-for-stm32.13.3.rel1.win32_1.0.100.202509120712/tools/bin/../lib/gcc/arm-none-eabi/13.3.1/../../../../arm-none-eabi/lib/thumb/v7-m/nofp\libc_nano.a(libc_a-lock.o)
                0x08004d5c                __retarget_lock_init_recursive
 .text.__retarget_lock_acquire_recursive
                0x08004d5e        0x2 D:/Software/Stm32CubeIDE/STM32ide/STM32CubeIDE_2.0.0/STM32CubeIDE/plugins/com.st.stm32cube.ide.mcu.externaltools.gnu-tools-for-stm32.13.3.rel1.win32_1.0.100.202509120712/tools/bin/../lib/gcc/arm-none-eabi/13.3.1/../../../../arm-none-eabi/lib/thumb/v7-m/nofp\libc_nano.a(libc_a-lock.o)
                0x08004d5e                __retarget_lock_acquire_recursive
 .text.__retarget_lock_release_recursive
                0x08004d60        0x2 D:/Software/Stm32CubeIDE/STM32ide/STM32CubeIDE_2.0.0/STM32CubeIDE/plugins/com.st.stm32cube.ide.mcu.externaltools.gnu-tools-for-stm32.13.3.rel1.win32_1.0.100.202509120712/tools/bin/../lib/gcc/arm-none-eabi/13.3.1/../../../../arm-none-eabi/lib/thumb/v7-m/nofp\libc_nano.a(libc_a-lock.o)
                0x08004d60                __retarget_lock_release_recursive
 .text.memcpy   0x08004d62       0x1c D:/Software/Stm32CubeIDE/STM32ide/STM32CubeIDE_2.0.0/STM32CubeIDE/plugins/com.st.stm32cube.ide.mcu.externaltools.gnu-tools-for-stm32.13.3.rel1.win32_1.0.100.202509120712/tools/bin/../lib/gcc/arm-none-eabi/13.3.1/../../../../arm-none-eabi/lib/thumb/v7-m/nofp\libc_nano.a(libc_a-memcpy-stub.o)
                0x08004d62                memcpy
 .text.abort    0x08004d7e        0xe D:/Software/Stm32CubeIDE/STM32ide/STM32CubeIDE_2.0.0/STM32CubeIDE/plugins/com.st.stm32cube.ide.mcu.externaltools.gnu-tools-for-stm32.13.3.rel1.win32_1.0.100.202509120712/tools/bin/../lib/gcc/arm-none-eabi/13.3.1/../../../../arm-none-eabi/lib/thumb/v7-m/nofp\libc_nano.a(libc_a-abort.o)
                0x08004d7e                abort
 .text._free_r  0x08004d8c       0x90 D:/Software/Stm32CubeIDE/STM32ide/STM32CubeIDE_2.0.0/STM32CubeIDE/plugins/com.st.stm32cube.ide.mcu.externaltools.gnu-tools-for-stm32.13.3.rel1.win32_1.0.100.202509120712/tools/bin/../lib/gcc/arm-none-eabi/13.3.1/../../../../arm-none-eabi/lib/thumb/v7-m/nofp\libc_nano.a(libc_a-freer.o)
                0x08004d8c                _free_r
 .text.sbrk_aligned
                0x08004e1c       0x44 D:/Software/Stm32CubeIDE/STM32ide/STM32CubeIDE_2.0.0/STM32CubeIDE/plugins/com.st.stm32cube.ide.mcu.externaltools.gnu-tools-for-stm32.13.3.rel1.win32_1.0.100.202509120712/tools/bin/../lib/gcc/arm-none-eabi/13.3.1/../../../../arm-none-eabi/lib/thumb/v7-m/nofp\libc_nano.a(libc_a-mallocr.o)
 .text._malloc_r
                0x08004e60      0x100 D:/Software/Stm32CubeIDE/STM32ide/STM32CubeIDE_2.0.0/STM32CubeIDE/plugins/com.st.stm32cube.ide.mcu.externaltools.gnu-tools-for-stm32.13.3.rel1.win32_1.0.100.202509120712/tools/bin/../lib/gcc/arm-none-eabi/13.3.1/../../../../arm-none-eabi/lib/thumb/v7-m/nofp\libc_nano.a(libc_a-mallocr.o)
                0x08004e60                _malloc_r
 .text.__malloc_lock
                0x08004f60        0xc D:/Software/Stm32CubeIDE/STM32ide/STM32CubeIDE_2.0.0/STM32CubeIDE/plugins/com.st.stm32cube.ide.mcu.externaltools.gnu-tools-for-stm32.13.3.rel1.win32_1.0.100.202509120712/tools/bin/../lib/gcc/arm-none-eabi/13.3.1/../../../../arm-none-eabi/lib/thumb/v7-m/nofp\libc_nano.a(libc_a-mlock.o)
                0x08004f60                __malloc_lock
 .text.__malloc_unlock
                0x08004f6c        0xc D:/Software/Stm32CubeIDE/STM32ide/STM32CubeIDE_2.0.0/STM32CubeIDE/plugins/com.st.stm32cube.ide.mcu.externaltools.gnu-tools-for-stm32.13.3.rel1.win32_1.0.100.202509120712/tools/bin/../lib/gcc/arm-none-eabi/13.3.1/../../../../arm-none-eabi/lib/thumb/v7-m/nofp\libc_nano.a(libc_a-mlock.o)
                0x08004f6c                __malloc_unlock
 .text.__sfputc_r
                0x08004f78       0x2a D:/Software/Stm32CubeIDE/STM32ide/STM32CubeIDE_2.0.0/STM32CubeIDE/plugins/com.st.stm32cube.ide.mcu.externaltools.gnu-tools-for-stm32.13.3.rel1.win32_1.0.100.202509120712/tools/bin/../lib/gcc/arm-none-eabi/13.3.1/../../../../arm-none-eabi/lib/thumb/v7-m/nofp\libc_nano.a(libc_a-nano-vfprintf.o)
 .text.__sfputs_r
                0x08004fa2       0x24 D:/Software/Stm32CubeIDE/STM32ide/STM32CubeIDE_2.0.0/STM32CubeIDE/plugins/com.st.stm32cube.ide.mcu.externaltools.gnu-tools-for-stm32.13.3.rel1.win32_1.0.100.202509120712/tools/bin/../lib/gcc/arm-none-eabi/13.3.1/../../../../arm-none-eabi/lib/thumb/v7-m/nofp\libc_nano.a(libc_a-nano-vfprintf.o)
                0x08004fa2                __sfputs_r
 *fill*         0x08004fc6        0x2 
 .text._vfprintf_r
                0x08004fc8      0x230 D:/Software/Stm32CubeIDE/STM32ide/STM32CubeIDE_2.0.0/STM32CubeIDE/plugins/com.st.stm32cube.ide.mcu.externaltools.gnu-tools-for-stm32.13.3.rel1.win32_1.0.100.202509120712/tools/bin/../lib/gcc/arm-none-eabi/13.3.1/../../../../arm-none-eabi/lib/thumb/v7-m/nofp\libc_nano.a(libc_a-nano-vfprintf.o)
                0x08004fc8                _vfprintf_r
                0x08004fc8                _vfiprintf_r
 .text._printf_common
                0x080051f8       0xe4 D:/Software/Stm32CubeIDE/STM32ide/STM32CubeIDE_2.0.0/STM32CubeIDE/plugins/com.st.stm32cube.ide.mcu.externaltools.gnu-tools-for-stm32.13.3.rel1.win32_1.0.100.202509120712/tools/bin/../lib/gcc/arm-none-eabi/13.3.1/../../../../arm-none-eabi/lib/thumb/v7-m/nofp\libc_nano.a(libc_a-nano-vfprintf_i.o)
                0x080051f8                _printf_common
 .text._printf_i
                0x080052dc      0x23c D:/Software/Stm32CubeIDE/STM32ide/STM32CubeIDE_2.0.0/STM32CubeIDE/plugins/com.st.stm32cube.ide.mcu.externaltools.gnu-tools-for-stm32.13.3.rel1.win32_1.0.100.202509120712/tools/bin/../lib/gcc/arm-none-eabi/13.3.1/../../../../arm-none-eabi/lib/thumb/v7-m/nofp\libc_nano.a(libc_a-nano-vfprintf_i.o)
                0x080052dc                _printf_i
 .text.__sflush_r
                0x08005518      0x100 D:/Software/Stm32CubeIDE/STM32ide/STM32CubeIDE_2.0.0/STM32CubeIDE/plugins/com.st.stm32cube.ide.mcu.externaltools.gnu-tools-for-stm32.13.3.rel1.win32_1.0.100.202509120712/tools/bin/../lib/gcc/arm-none-eabi/13.3.1/../../../../arm-none-eabi/lib/thumb/v7-m/nofp\libc_nano.a(libc_a-fflush.o)
                0x08005518                __sflush_r
 .text._fflush_r
                0x08005618       0x50 D:/Software/Stm32CubeIDE/STM32ide/STM32CubeIDE_2.0.0/STM32CubeIDE/plugins/com.st.stm32cube.ide.mcu.externaltools.gnu-tools-for-stm32.13.3.rel1.win32_1.0.100.202509120712/tools/bin/../lib/gcc/arm-none-eabi/13.3.1/../../../../arm-none-eabi/lib/thumb/v7-m/nofp\libc_nano.a(libc_a-fflush.o)
                0x08005618                _fflush_r
 .text.__swbuf_r
                0x08005668       0x7c D:/Software/Stm32CubeIDE/STM32ide/STM32CubeIDE_2.0.0/STM32CubeIDE/plugins/com.st.stm32cube.ide.mcu.externaltools.gnu-tools-for-stm32.13.3.rel1.win32_1.0.100.202509120712/tools/bin/../lib/gcc/arm-none-eabi/13.3.1/../../../../arm-none-eabi/lib/thumb/v7-m/nofp\libc_nano.a(libc_a-wbuf.o)
                0x08005668                __swbuf_r
 .text.__swsetup_r
                0x080056e4       0xac D:/Software/Stm32CubeIDE/STM32ide/STM32CubeIDE_2.0.0/STM32CubeIDE/plugins/com.st.stm32cube.ide.mcu.externaltools.gnu-tools-for-stm32.13.3.rel1.win32_1.0.100.202509120712/tools/bin/../lib/gcc/arm-none-eabi/13.3.1/../../../../arm-none-eabi/lib/thumb/v7-m/nofp\libc_nano.a(libc_a-wsetup.o)
                0x080056e4                __swsetup_r
 .text._raise_r
                0x08005790       0x50 D:/Software/Stm32CubeIDE/STM32ide/STM32CubeIDE_2.0.0/STM32CubeIDE/plugins/com.st.stm32cube.ide.mcu.externaltools.gnu-tools-for-stm32.13.3.rel1.win32_1.0.100.202509120712/tools/bin/../lib/gcc/arm-none-eabi/13.3.1/../../../../arm-none-eabi/lib/thumb/v7-m/nofp\libc_nano.a(libc_a-signal.o)
                0x08005790                _raise_r
 .text.raise    0x080057e0       0x10 D:/Software/Stm32CubeIDE/STM32ide/STM32CubeIDE_2.0.0/STM32CubeIDE/plugins/com.st.stm32cube.ide.mcu.externaltools.gnu-tools-for-stm32.13.3.rel1.win32_1.0.100.202509120712/tools/bin/../lib/gcc/arm-none-eabi/13.3.1/../../../../arm-none-eabi/lib/thumb/v7-m/nofp\libc_nano.a(libc_a-signal.o)
                0x080057e0                raise
 .text._kill_r  0x080057f0       0x24 D:/Software/Stm32CubeIDE/STM32ide/STM32CubeIDE_2.0.0/STM32CubeIDE/plugins/com.st.stm32cube.ide.mcu.externaltools.gnu-tools-for-stm32.13.3.rel1.win32_1.0.100.202509120712/tools/bin/../lib/gcc/arm-none-eabi/13.3.1/../../../../arm-none-eabi/lib/thumb/v7-m/nofp\libc_nano.a(libc_a-signalr.o)
                0x080057f0                _kill_r
 .text._getpid_r
                0x08005814        0x4 D:/Software/Stm32CubeIDE/STM32ide/STM32CubeIDE_2.0.0/STM32CubeIDE/plugins/com.st.stm32cube.ide.mcu.externaltools.gnu-tools-for-stm32.13.3.rel1.win32_1.0.100.202509120712/tools/bin/../lib/gcc/arm-none-eabi/13.3.1/../../../../arm-none-eabi/lib/thumb/v7-m/nofp\libc_nano.a(libc_a-signalr.o)
                0x08005814                _getpid_r
 .text._sbrk_r  0x08005818       0x20 D:/Software/Stm32CubeIDE/STM32ide/STM32CubeIDE_2.0.0/STM32CubeIDE/plugins/com.st.stm32cube.ide.mcu.externaltools.gnu-tools-for-stm32.13.3.rel1.win32_1.0.100.202509120712/tools/bin/../lib/gcc/arm-none-eabi/13.3.1/../../../../arm-none-eabi/lib/thumb/v7-m/nofp\libc_nano.a(libc_a-sbrkr.o)
                0x08005818                _sbrk_r
 .text.memchr   0x08005838       0x1c D:/Software/Stm32CubeIDE/STM32ide/STM32CubeIDE_2.0.0/STM32CubeIDE/plugins/com.st.stm32cube.ide.mcu.externaltools.gnu-tools-for-stm32.13.3.rel1.win32_1.0.100.202509120712/tools/bin/../lib/gcc/arm-none-eabi/13.3.1/../../../../arm-none-eabi/lib/thumb/v7-m/nofp\libc_nano.a(libc_a-memchr-stub.o)
                0x08005838                memchr
 .text.__swhatbuf_r
                0x08005854       0x4a D:/Software/Stm32CubeIDE/STM32ide/STM32CubeIDE_2.0.0/STM32CubeIDE/plugins/com.st.stm32cube.ide.mcu.externaltools.gnu-tools-for-stm32.13.3.rel1.win32_1.0.100.202509120712/tools/bin/../lib/gcc/arm-none-eabi/13.3.1/../../../../arm-none-eabi/lib/thumb/v7-m/nofp\libc_nano.a(libc_a-makebuf.o)
                0x08005854                __swhatbuf_r
 .text.__smakebuf_r
                0x0800589e       0x78 D:/Software/Stm32CubeIDE/STM32ide/STM32CubeIDE_2.0.0/STM32CubeIDE/plugins/com.st.stm32cube.ide.mcu.externaltools.gnu-tools-for-stm32.13.3.rel1.win32_1.0.100.202509120712/tools/bin/../lib/gcc/arm-none-eabi/13.3.1/../../../../arm-none-eabi/lib/thumb/v7-m/nofp\libc_nano.a(libc_a-makebuf.o)
                0x0800589e                __smakebuf_r
 *fill*         0x08005916        0x2 
 .text._fstat_r
                0x08005918       0x24 D:/Software/Stm32CubeIDE/STM32ide/STM32CubeIDE_2.0.0/STM32CubeIDE/plugins/com.st.stm32cube.ide.mcu.externaltools.gnu-tools-for-stm32.13.3.rel1.win32_1.0.100.202509120712/tools/bin/../lib/gcc/arm-none-eabi/13.3.1/../../../../arm-none-eabi/lib/thumb/v7-m/nofp\libc_nano.a(libc_a-fstatr.o)
                0x08005918                _fstat_r
 .text._isatty_r
                0x0800593c       0x20 D:/Software/Stm32CubeIDE/STM32ide/STM32CubeIDE_2.0.0/STM32CubeIDE/plugins/com.st.stm32cube.ide.mcu.externaltools.gnu-tools-for-stm32.13.3.rel1.win32_1.0.100.202509120712/tools/bin/../lib/gcc/arm-none-eabi/13.3.1/../../../../arm-none-eabi/lib/thumb/v7-m/nofp\libc_nano.a(libc_a-isattyr.o)
                0x0800593c                _isatty_r
 *(.glue_7)
 .glue_7        0x0800595c        0x0 linker stubs
 *(.glue_7t)
 .glue_7t       0x0800595c        0x0 linker stubs
 *(.eh_frame)
 .eh_frame      0x0800595c        0x0 D:/Software/Stm32CubeIDE/STM32ide/STM32CubeIDE_2.0.0/STM32CubeIDE/plugins/com.st.stm32cube.ide.mcu.externaltools.gnu-tools-for-stm32.13.3.rel1.win32_1.0.100.202509120712/tools/bin/../lib/gcc/arm-none-eabi/13.3.1/thumb/v7-m/nofp/crtbegin.o
 *(.init)
 .init          0x0800595c        0x4 D:/Software/Stm32CubeIDE/STM32ide/STM32CubeIDE_2.0.0/STM32CubeIDE/plugins/com.st.stm32cube.ide.mcu.externaltools.gnu-tools-for-stm32.13.3.rel1.win32_1.0.100.202509120712/tools/bin/../lib/gcc/arm-none-eabi/13.3.1/thumb/v7-m/nofp/crti.o
                0x0800595c                _init
 .init          0x08005960        0x8 D:/Software/Stm32CubeIDE/STM32ide/STM32CubeIDE_2.0.0/STM32CubeIDE/plugins/com.st.stm32cube.ide.mcu.externaltools.gnu-tools-for-stm32.13.3.rel1.win32_1.0.100.202509120712/tools/bin/../lib/gcc/arm-none-eabi/13.3.1/thumb/v7-m/nofp/crtn.o
 *(.fini)
 .fini          0x08005968        0x4 D:/Software/Stm32CubeIDE/STM32ide/STM32CubeIDE_2.0.0/STM32CubeIDE/plugins/com.st.stm32cube.ide.mcu.externaltools.gnu-tools-for-stm32.13.3.rel1.win32_1.0.100.202509120712/tools/bin/../lib/gcc/arm-none-eabi/13.3.1/thumb/v7-m/nofp/crti.o
                0x08005968                _fini
 .fini          0x0800596c        0x8 D:/Software/Stm32CubeIDE/STM32ide/STM32CubeIDE_2.0.0/STM32CubeIDE/plugins/com.st.stm32cube.ide.mcu.externaltools.gnu-tools-for-stm32.13.3.rel1.win32_1.0.100.202509120712/tools/bin/../lib/gcc/arm-none-eabi/13.3.1/thumb/v7-m/nofp/crtn.o
                0x08005974                        . = ALIGN (0x4)
                0x08005974                        _etext = .

.vfp11_veneer   0x08005974        0x0
 .vfp11_veneer  0x08005974        0x0 linker stubs

.v4_bx          0x08005974        0x0
 .v4_bx         0x08005974        0x0 linker stubs

.iplt           0x08005974        0x0
 .iplt          0x08005974        0x0 D:/Software/Stm32CubeIDE/STM32ide/STM32CubeIDE_2.0.0/STM32CubeIDE/plugins/com.st.stm32cube.ide.mcu.externaltools.gnu-tools-for-stm32.13.3.rel1.win32_1.0.100.202509120712/tools/bin/../lib/gcc/arm-none-eabi/13.3.1/thumb/v7-m/nofp/crtbegin.o

.rodata         0x08005974      0x3dc
                0x08005974                        . = ALIGN (0x4)
 *(.rodata)
 .rodata        0x08005974       0xb7 ./User/Lib/FreeModbus/modbus/rtu/mbrtu.o
 *(.rodata*)
 *fill*         0x08005a2b        0x1 
 .rodata.AHBPrescTable
                0x08005a2c       0x10 ./Core/Src/system_stm32f1xx.o
                0x08005a2c                AHBPrescTable
 .rodata.APBPrescTable
                0x08005a3c        0x8 ./Core/Src/system_stm32f1xx.o
                0x08005a3c                APBPrescTable
 .rodata.aPLLMULFactorTable.1
                0x08005a44       0x10 ./Drivers/STM32F1xx_HAL_Driver/Src/stm32f1xx_hal_rcc.o
 .rodata.aPredivFactorTable.0
                0x08005a54        0x2 ./Drivers/STM32F1xx_HAL_Driver/Src/stm32f1xx_hal_rcc.o
 *fill*         0x08005a56        0x2 
 .rodata.aucCRCHi
                0x08005a58      0x100 ./User/Lib/FreeModbus/modbus/rtu/mbcrc.o
 .rodata.aucCRCLo
                0x08005b58      0x100 ./User/Lib/FreeModbus/modbus/rtu/mbcrc.o
 .rodata.__func__.1
                0x08005c58        0xe ./User/Lib/FreeModbus/modbus/rtu/mbrtu.o
 *fill*         0x08005c66        0x2 
 .rodata.__func__.0
                0x08005c68       0x16 ./User/Lib/FreeModbus/modbus/rtu/mbrtu.o
 *fill*         0x08005c7e        0x2 
 .rodata.RESISTOR_PINS
                0x08005c80       0x38 ./User/Src/hc_smu_control.o
 .rodata.GEAR_CONFIG_TABLE
                0x08005cb8        0x6 ./User/Src/hc_smu_control.o
 *fill*         0x08005cbe        0x2 
 .rodata.CHANNEL_PINS
                0x08005cc0       0x20 ./User/Src/hc_smu_control.o
 .rodata.__assert_func.str1.1
                0x08005ce0       0x6f D:/Software/Stm32CubeIDE/STM32ide/STM32CubeIDE_2.0.0/STM32CubeIDE/plugins/com.st.stm32cube.ide.mcu.externaltools.gnu-tools-for-stm32.13.3.rel1.win32_1.0.100.202509120712/tools/bin/../lib/gcc/arm-none-eabi/13.3.1/../../../../arm-none-eabi/lib/thumb/v7-m/nofp\libc_nano.a(libc_a-assert.o)
                                 0x3d (size before relaxing)
 .rodata._vfprintf_r.str1.1
                0x08005d4f        0x0 D:/Software/Stm32CubeIDE/STM32ide/STM32CubeIDE_2.0.0/STM32CubeIDE/plugins/com.st.stm32cube.ide.mcu.externaltools.gnu-tools-for-stm32.13.3.rel1.win32_1.0.100.202509120712/tools/bin/../lib/gcc/arm-none-eabi/13.3.1/../../../../arm-none-eabi/lib/thumb/v7-m/nofp\libc_nano.a(libc_a-nano-vfprintf.o)
                                 0x11 (size before relaxing)
 .rodata._printf_i.str1.1
                0x08005d4f        0x0 D:/Software/Stm32CubeIDE/STM32ide/STM32CubeIDE_2.0.0/STM32CubeIDE/plugins/com.st.stm32cube.ide.mcu.externaltools.gnu-tools-for-stm32.13.3.rel1.win32_1.0.100.202509120712/tools/bin/../lib/gcc/arm-none-eabi/13.3.1/../../../../arm-none-eabi/lib/thumb/v7-m/nofp\libc_nano.a(libc_a-nano-vfprintf_i.o)
                                 0x22 (size before relaxing)
                0x08005d50                        . = ALIGN (0x4)
 *fill*         0x08005d4f        0x1 

.ARM.extab      0x08005d50        0x0
                0x08005d50                        . = ALIGN (0x4)
 *(.ARM.extab* .gnu.linkonce.armextab.*)
                0x08005d50                        . = ALIGN (0x4)

.ARM            0x08005d50        0x0
                0x08005d50                        . = ALIGN (0x4)
                0x08005d50                        __exidx_start = .
 *(.ARM.exidx*)
                0x08005d50                        __exidx_end = .
                0x08005d50                        . = ALIGN (0x4)

.preinit_array  0x08005d50        0x0
                0x08005d50                        . = ALIGN (0x4)
                0x08005d50                        PROVIDE (__preinit_array_start = .)
 *(.preinit_array*)
                0x08005d50                        PROVIDE (__preinit_array_end = .)
                0x08005d50                        . = ALIGN (0x4)

.init_array     0x08005d50        0x4
                0x08005d50                        . = ALIGN (0x4)
                0x08005d50                        PROVIDE (__init_array_start = .)
 *(SORT_BY_NAME(.init_array.*))
 *(.init_array*)
 .init_array    0x08005d50        0x4 D:/Software/Stm32CubeIDE/STM32ide/STM32CubeIDE_2.0.0/STM32CubeIDE/plugins/com.st.stm32cube.ide.mcu.externaltools.gnu-tools-for-stm32.13.3.rel1.win32_1.0.100.202509120712/tools/bin/../lib/gcc/arm-none-eabi/13.3.1/thumb/v7-m/nofp/crtbegin.o
                0x08005d54                        PROVIDE (__init_array_end = .)
                0x08005d54                        . = ALIGN (0x4)

.fini_array     0x08005d54        0x4
                0x08005d54                        . = ALIGN (0x4)
                [!provide]                        PROVIDE (__fini_array_start = .)
 *(SORT_BY_NAME(.fini_array.*))
 *(.fini_array*)
 .fini_array    0x08005d54        0x4 D:/Software/Stm32CubeIDE/STM32ide/STM32CubeIDE_2.0.0/STM32CubeIDE/plugins/com.st.stm32cube.ide.mcu.externaltools.gnu-tools-for-stm32.13.3.rel1.win32_1.0.100.202509120712/tools/bin/../lib/gcc/arm-none-eabi/13.3.1/thumb/v7-m/nofp/crtbegin.o
                [!provide]                        PROVIDE (__fini_array_end = .)
                0x08005d58                        . = ALIGN (0x4)
                0x08005d58                        _sidata = LOADADDR (.data)

.rel.dyn        0x08005d58        0x0
 .rel.iplt      0x08005d58        0x0 D:/Software/Stm32CubeIDE/STM32ide/STM32CubeIDE_2.0.0/STM32CubeIDE/plugins/com.st.stm32cube.ide.mcu.externaltools.gnu-tools-for-stm32.13.3.rel1.win32_1.0.100.202509120712/tools/bin/../lib/gcc/arm-none-eabi/13.3.1/thumb/v7-m/nofp/crtbegin.o

.data           0x20000000      0x114 load address 0x08005d58
                0x20000000                        . = ALIGN (0x4)
                0x20000000                        _sdata = .
 *(.data)
 *(.data*)
 .data.sys_set  0x20000000        0x4 ./Core/Src/main.o
                0x20000000                sys_set
 .data.sys_dat  0x20000004        0x4 ./Core/Src/main.o
                0x20000004                sys_dat
 .data.SystemCoreClock
                0x20000008        0x4 ./Core/Src/system_stm32f1xx.o
                0x20000008                SystemCoreClock
 .data.uwTickPrio
                0x2000000c        0x4 ./Drivers/STM32F1xx_HAL_Driver/Src/stm32f1xx_hal.o
                0x2000000c                uwTickPrio
 .data.uwTickFreq
                0x20000010        0x1 ./Drivers/STM32F1xx_HAL_Driver/Src/stm32f1xx_hal.o
                0x20000010                uwTickFreq
 .data.eMBState
                0x20000011        0x1 ./User/Lib/FreeModbus/modbus/mb.o
 *fill*         0x20000012        0x2 
 .data.xFuncHandlers
                0x20000014       0x80 ./User/Lib/FreeModbus/modbus/mb.o
 .data.REG_COILS_BUF
                0x20000094        0xa ./User/Lib/FreeModbus/port/port.o
                0x20000094                REG_COILS_BUF
 *fill*         0x2000009e        0x2 
 .data.REG_DISC_BUF
                0x200000a0        0xa ./User/Lib/FreeModbus/port/port.o
                0x200000a0                REG_DISC_BUF
 *fill*         0x200000aa        0x2 
 .data.ModBus_UART_Handle
                0x200000ac        0x4 ./User/Lib/FreeModbus/port/portserial.o
                0x200000ac                ModBus_UART_Handle
 .data.g_hc_smu_state
                0x200000b0        0x5 ./User/Src/hc_smu_control.o
                0x200000b0                g_hc_smu_state
 *fill*         0x200000b5        0x3 
 .data.__sglue  0x200000b8        0xc D:/Software/Stm32CubeIDE/STM32ide/STM32CubeIDE_2.0.0/STM32CubeIDE/plugins/com.st.stm32cube.ide.mcu.externaltools.gnu-tools-for-stm32.13.3.rel1.win32_1.0.100.202509120712/tools/bin/../lib/gcc/arm-none-eabi/13.3.1/../../../../arm-none-eabi/lib/thumb/v7-m/nofp\libc_nano.a(libc_a-findfp.o)
                0x200000b8                __sglue
 .data._impure_ptr
                0x200000c4        0x4 D:/Software/Stm32CubeIDE/STM32ide/STM32CubeIDE_2.0.0/STM32CubeIDE/plugins/com.st.stm32cube.ide.mcu.externaltools.gnu-tools-for-stm32.13.3.rel1.win32_1.0.100.202509120712/tools/bin/../lib/gcc/arm-none-eabi/13.3.1/../../../../arm-none-eabi/lib/thumb/v7-m/nofp\libc_nano.a(libc_a-impure.o)
                0x200000c4                _impure_ptr
 .data._impure_data
                0x200000c8       0x4c D:/Software/Stm32CubeIDE/STM32ide/STM32CubeIDE_2.0.0/STM32CubeIDE/plugins/com.st.stm32cube.ide.mcu.externaltools.gnu-tools-for-stm32.13.3.rel1.win32_1.0.100.202509120712/tools/bin/../lib/gcc/arm-none-eabi/13.3.1/../../../../arm-none-eabi/lib/thumb/v7-m/nofp\libc_nano.a(libc_a-impure.o)
                0x200000c8                _impure_data
 *(.RamFunc)
 *(.RamFunc*)
                0x20000114                        . = ALIGN (0x4)
                0x20000114                        _edata = .

.igot.plt       0x20000114        0x0 load address 0x08005e6c
 .igot.plt      0x20000114        0x0 D:/Software/Stm32CubeIDE/STM32ide/STM32CubeIDE_2.0.0/STM32CubeIDE/plugins/com.st.stm32cube.ide.mcu.externaltools.gnu-tools-for-stm32.13.3.rel1.win32_1.0.100.202509120712/tools/bin/../lib/gcc/arm-none-eabi/13.3.1/thumb/v7-m/nofp/crtbegin.o
                0x20000114                        . = ALIGN (0x4)

.bss            0x20000118      0xe50 load address 0x08005e6c
                0x20000118                        _sbss = .
                0x20000118                        __bss_start__ = _sbss
 *(.bss)
 .bss           0x20000118       0x1c D:/Software/Stm32CubeIDE/STM32ide/STM32CubeIDE_2.0.0/STM32CubeIDE/plugins/com.st.stm32cube.ide.mcu.externaltools.gnu-tools-for-stm32.13.3.rel1.win32_1.0.100.202509120712/tools/bin/../lib/gcc/arm-none-eabi/13.3.1/thumb/v7-m/nofp/crtbegin.o
 *(.bss*)
 .bss.hi2c2     0x20000134       0x54 ./Core/Src/i2c.o
                0x20000134                hi2c2
 .bss.hspi2     0x20000188       0x58 ./Core/Src/spi.o
                0x20000188                hspi2
 .bss.__sbrk_heap_end
                0x200001e0        0x4 ./Core/Src/sysmem.o
 .bss.htim7     0x200001e4       0x48 ./Core/Src/tim.o
                0x200001e4                htim7
 .bss.huart1    0x2000022c       0x48 ./Core/Src/usart.o
                0x2000022c                huart1
 .bss.uwTick    0x20000274        0x4 ./Drivers/STM32F1xx_HAL_Driver/Src/stm32f1xx_hal.o
                0x20000274                uwTick
 .bss.ucMBSlaveID
                0x20000278       0x20 ./User/Lib/FreeModbus/modbus/functions/mbfuncother.o
 .bss.usMBSlaveIDLen
                0x20000298        0x2 ./User/Lib/FreeModbus/modbus/functions/mbfuncother.o
 .bss.ucMBAddress
                0x2000029a        0x1 ./User/Lib/FreeModbus/modbus/mb.o
 .bss.eMBCurrentMode
                0x2000029b        0x1 ./User/Lib/FreeModbus/modbus/mb.o
 .bss.peMBFrameSendCur
                0x2000029c        0x4 ./User/Lib/FreeModbus/modbus/mb.o
 .bss.pvMBFrameStartCur
                0x200002a0        0x4 ./User/Lib/FreeModbus/modbus/mb.o
 .bss.pvMBFrameStopCur
                0x200002a4        0x4 ./User/Lib/FreeModbus/modbus/mb.o
 .bss.peMBFrameReceiveCur
                0x200002a8        0x4 ./User/Lib/FreeModbus/modbus/mb.o
 .bss.pvMBFrameCloseCur
                0x200002ac        0x4 ./User/Lib/FreeModbus/modbus/mb.o
 .bss.pxMBFrameCBByteReceived
                0x200002b0        0x4 ./User/Lib/FreeModbus/modbus/mb.o
                0x200002b0                pxMBFrameCBByteReceived
 .bss.pxMBFrameCBTransmitterEmpty
                0x200002b4        0x4 ./User/Lib/FreeModbus/modbus/mb.o
                0x200002b4                pxMBFrameCBTransmitterEmpty
 .bss.pxMBPortCBTimerExpired
                0x200002b8        0x4 ./User/Lib/FreeModbus/modbus/mb.o
                0x200002b8                pxMBPortCBTimerExpired
 .bss.ucRcvAddress.4
                0x200002bc        0x1 ./User/Lib/FreeModbus/modbus/mb.o
 *fill*         0x200002bd        0x3 
 .bss.ucMBFrame.3
                0x200002c0        0x4 ./User/Lib/FreeModbus/modbus/mb.o
 .bss.usLength.2
                0x200002c4        0x2 ./User/Lib/FreeModbus/modbus/mb.o
 .bss.ucFunctionCode.1
                0x200002c6        0x1 ./User/Lib/FreeModbus/modbus/mb.o
 .bss.eException.0
                0x200002c7        0x1 ./User/Lib/FreeModbus/modbus/mb.o
 .bss.eSndState
                0x200002c8        0x1 ./User/Lib/FreeModbus/modbus/rtu/mbrtu.o
 .bss.eRcvState
                0x200002c9        0x1 ./User/Lib/FreeModbus/modbus/rtu/mbrtu.o
 *fill*         0x200002ca        0x2 
 .bss.ucRTUBuf  0x200002cc      0x100 ./User/Lib/FreeModbus/modbus/rtu/mbrtu.o
                0x200002cc                ucRTUBuf
 .bss.pucSndBufferCur
                0x200003cc        0x4 ./User/Lib/FreeModbus/modbus/rtu/mbrtu.o
 .bss.usSndBufferCount
                0x200003d0        0x2 ./User/Lib/FreeModbus/modbus/rtu/mbrtu.o
 .bss.usRcvBufferPos
                0x200003d2        0x2 ./User/Lib/FreeModbus/modbus/rtu/mbrtu.o
 *fill*         0x200003d4        0x4 
 .bss.REG_INPUT_BUF
                0x200003d8      0x258 ./User/Lib/FreeModbus/port/port.o
                0x200003d8                REG_INPUT_BUF
 .bss.REG_HOLD_BUF
                0x20000630      0x3e8 ./User/Lib/FreeModbus/port/port.o
                0x20000630                REG_HOLD_BUF
 .bss.eQueuedEvent
                0x20000a18        0x1 ./User/Lib/FreeModbus/port/portevent.o
 .bss.xEventInQueue
                0x20000a19        0x1 ./User/Lib/FreeModbus/port/portevent.o
 *fill*         0x20000a1a        0x2 
 .bss.cmd_HoldReg_buf_au16
                0x20000a1c      0x200 ./User/Src/command.o
                0x20000a1c                cmd_HoldReg_buf_au16
 .bss.cmd_HoldReg_buf_old_au16
                0x20000c1c      0x200 ./User/Src/command.o
                0x20000c1c                cmd_HoldReg_buf_old_au16
 .bss.__sf      0x20000e1c      0x138 D:/Software/Stm32CubeIDE/STM32ide/STM32CubeIDE_2.0.0/STM32CubeIDE/plugins/com.st.stm32cube.ide.mcu.externaltools.gnu-tools-for-stm32.13.3.rel1.win32_1.0.100.202509120712/tools/bin/../lib/gcc/arm-none-eabi/13.3.1/../../../../arm-none-eabi/lib/thumb/v7-m/nofp\libc_nano.a(libc_a-findfp.o)
                0x20000e1c                __sf
 .bss.__stdio_exit_handler
                0x20000f54        0x4 D:/Software/Stm32CubeIDE/STM32ide/STM32CubeIDE_2.0.0/STM32CubeIDE/plugins/com.st.stm32cube.ide.mcu.externaltools.gnu-tools-for-stm32.13.3.rel1.win32_1.0.100.202509120712/tools/bin/../lib/gcc/arm-none-eabi/13.3.1/../../../../arm-none-eabi/lib/thumb/v7-m/nofp\libc_nano.a(libc_a-findfp.o)
                0x20000f54                __stdio_exit_handler
 .bss.errno     0x20000f58        0x4 D:/Software/Stm32CubeIDE/STM32ide/STM32CubeIDE_2.0.0/STM32CubeIDE/plugins/com.st.stm32cube.ide.mcu.externaltools.gnu-tools-for-stm32.13.3.rel1.win32_1.0.100.202509120712/tools/bin/../lib/gcc/arm-none-eabi/13.3.1/../../../../arm-none-eabi/lib/thumb/v7-m/nofp\libc_nano.a(libc_a-reent.o)
                0x20000f58                errno
 .bss.__lock___malloc_recursive_mutex
                0x20000f5c        0x1 D:/Software/Stm32CubeIDE/STM32ide/STM32CubeIDE_2.0.0/STM32CubeIDE/plugins/com.st.stm32cube.ide.mcu.externaltools.gnu-tools-for-stm32.13.3.rel1.win32_1.0.100.202509120712/tools/bin/../lib/gcc/arm-none-eabi/13.3.1/../../../../arm-none-eabi/lib/thumb/v7-m/nofp\libc_nano.a(libc_a-lock.o)
                0x20000f5c                __lock___malloc_recursive_mutex
 .bss.__lock___sfp_recursive_mutex
                0x20000f5d        0x1 D:/Software/Stm32CubeIDE/STM32ide/STM32CubeIDE_2.0.0/STM32CubeIDE/plugins/com.st.stm32cube.ide.mcu.externaltools.gnu-tools-for-stm32.13.3.rel1.win32_1.0.100.202509120712/tools/bin/../lib/gcc/arm-none-eabi/13.3.1/../../../../arm-none-eabi/lib/thumb/v7-m/nofp\libc_nano.a(libc_a-lock.o)
                0x20000f5d                __lock___sfp_recursive_mutex
 *fill*         0x20000f5e        0x2 
 .bss.__malloc_sbrk_start
                0x20000f60        0x4 D:/Software/Stm32CubeIDE/STM32ide/STM32CubeIDE_2.0.0/STM32CubeIDE/plugins/com.st.stm32cube.ide.mcu.externaltools.gnu-tools-for-stm32.13.3.rel1.win32_1.0.100.202509120712/tools/bin/../lib/gcc/arm-none-eabi/13.3.1/../../../../arm-none-eabi/lib/thumb/v7-m/nofp\libc_nano.a(libc_a-mallocr.o)
                0x20000f60                __malloc_sbrk_start
 .bss.__malloc_free_list
                0x20000f64        0x4 D:/Software/Stm32CubeIDE/STM32ide/STM32CubeIDE_2.0.0/STM32CubeIDE/plugins/com.st.stm32cube.ide.mcu.externaltools.gnu-tools-for-stm32.13.3.rel1.win32_1.0.100.202509120712/tools/bin/../lib/gcc/arm-none-eabi/13.3.1/../../../../arm-none-eabi/lib/thumb/v7-m/nofp\libc_nano.a(libc_a-mallocr.o)
                0x20000f64                __malloc_free_list
 *(COMMON)
                0x20000f68                        . = ALIGN (0x4)
                0x20000f68                        _ebss = .
                0x20000f68                        __bss_end__ = _ebss

._user_heap_stack
                0x20000f68      0x600 load address 0x08005e6c
                0x20000f68                        . = ALIGN (0x8)
                [!provide]                        PROVIDE (end = .)
                0x20000f68                        PROVIDE (_end = .)
                0x20001168                        . = (. + _Min_Heap_Size)
 *fill*         0x20000f68      0x200 
                0x20001568                        . = (. + _Min_Stack_Size)
 *fill*         0x20001168      0x400 
                0x20001568                        . = ALIGN (0x8)

/DISCARD/
 libc.a(*)
 libm.a(*)
 libgcc.a(*)

.ARM.attributes
                0x00000000       0x29
 *(.ARM.attributes)
 .ARM.attributes
                0x00000000       0x1d D:/Software/Stm32CubeIDE/STM32ide/STM32CubeIDE_2.0.0/STM32CubeIDE/plugins/com.st.stm32cube.ide.mcu.externaltools.gnu-tools-for-stm32.13.3.rel1.win32_1.0.100.202509120712/tools/bin/../lib/gcc/arm-none-eabi/13.3.1/thumb/v7-m/nofp/crti.o
 .ARM.attributes
                0x0000001d       0x2d D:/Software/Stm32CubeIDE/STM32ide/STM32CubeIDE_2.0.0/STM32CubeIDE/plugins/com.st.stm32cube.ide.mcu.externaltools.gnu-tools-for-stm32.13.3.rel1.win32_1.0.100.202509120712/tools/bin/../lib/gcc/arm-none-eabi/13.3.1/thumb/v7-m/nofp/crtbegin.o
 .ARM.attributes
                0x0000004a       0x2d ./Core/Src/gpio.o
 .ARM.attributes
                0x00000077       0x2d ./Core/Src/i2c.o
 .ARM.attributes
                0x000000a4       0x2d ./Core/Src/main.o
 .ARM.attributes
                0x000000d1       0x2d ./Core/Src/spi.o
 .ARM.attributes
                0x000000fe       0x2d ./Core/Src/stm32f1xx_hal_msp.o
 .ARM.attributes
                0x0000012b       0x2d ./Core/Src/stm32f1xx_it.o
 .ARM.attributes
                0x00000158       0x2d ./Core/Src/syscalls.o
 .ARM.attributes
                0x00000185       0x2d ./Core/Src/sysmem.o
 .ARM.attributes
                0x000001b2       0x2d ./Core/Src/system_stm32f1xx.o
 .ARM.attributes
                0x000001df       0x2d ./Core/Src/tim.o
 .ARM.attributes
                0x0000020c       0x2d ./Core/Src/usart.o
 .ARM.attributes
                0x00000239       0x21 ./Core/Startup/startup_stm32f103rctx.o
 .ARM.attributes
                0x0000025a       0x2d ./Drivers/STM32F1xx_HAL_Driver/Src/stm32f1xx_hal.o
 .ARM.attributes
                0x00000287       0x2d ./Drivers/STM32F1xx_HAL_Driver/Src/stm32f1xx_hal_cortex.o
 .ARM.attributes
                0x000002b4       0x2d ./Drivers/STM32F1xx_HAL_Driver/Src/stm32f1xx_hal_dma.o
 .ARM.attributes
                0x000002e1       0x2d ./Drivers/STM32F1xx_HAL_Driver/Src/stm32f1xx_hal_gpio.o
 .ARM.attributes
                0x0000030e       0x2d ./Drivers/STM32F1xx_HAL_Driver/Src/stm32f1xx_hal_i2c.o
 .ARM.attributes
                0x0000033b       0x2d ./Drivers/STM32F1xx_HAL_Driver/Src/stm32f1xx_hal_rcc.o
 .ARM.attributes
                0x00000368       0x2d ./Drivers/STM32F1xx_HAL_Driver/Src/stm32f1xx_hal_spi.o
 .ARM.attributes
                0x00000395       0x2d ./Drivers/STM32F1xx_HAL_Driver/Src/stm32f1xx_hal_tim.o
 .ARM.attributes
                0x000003c2       0x2d ./Drivers/STM32F1xx_HAL_Driver/Src/stm32f1xx_hal_tim_ex.o
 .ARM.attributes
                0x000003ef       0x2d ./Drivers/STM32F1xx_HAL_Driver/Src/stm32f1xx_hal_uart.o
 .ARM.attributes
                0x0000041c       0x2d ./User/Lib/FreeModbus/modbus/functions/mbfunccoils.o
 .ARM.attributes
                0x00000449       0x2d ./User/Lib/FreeModbus/modbus/functions/mbfuncdisc.o
 .ARM.attributes
                0x00000476       0x2d ./User/Lib/FreeModbus/modbus/functions/mbfuncholding.o
 .ARM.attributes
                0x000004a3       0x2d ./User/Lib/FreeModbus/modbus/functions/mbfuncinput.o
 .ARM.attributes
                0x000004d0       0x2d ./User/Lib/FreeModbus/modbus/functions/mbfuncother.o
 .ARM.attributes
                0x000004fd       0x2d ./User/Lib/FreeModbus/modbus/functions/mbutils.o
 .ARM.attributes
                0x0000052a       0x2d ./User/Lib/FreeModbus/modbus/mb.o
 .ARM.attributes
                0x00000557       0x2d ./User/Lib/FreeModbus/modbus/rtu/mbcrc.o
 .ARM.attributes
                0x00000584       0x2d ./User/Lib/FreeModbus/modbus/rtu/mbrtu.o
 .ARM.attributes
                0x000005b1       0x2d ./User/Lib/FreeModbus/port/port.o
 .ARM.attributes
                0x000005de       0x2d ./User/Lib/FreeModbus/port/portevent.o
 .ARM.attributes
                0x0000060b       0x2d ./User/Lib/FreeModbus/port/portserial.o
 .ARM.attributes
                0x00000638       0x2d ./User/Lib/FreeModbus/port/porttimer.o
 .ARM.attributes
                0x00000665       0x2d ./User/Src/command.o
 .ARM.attributes
                0x00000692       0x2d ./User/Src/hc_smu_control.o
 .ARM.attributes
                0x000006bf       0x2d D:/Software/Stm32CubeIDE/STM32ide/STM32CubeIDE_2.0.0/STM32CubeIDE/plugins/com.st.stm32cube.ide.mcu.externaltools.gnu-tools-for-stm32.13.3.rel1.win32_1.0.100.202509120712/tools/bin/../lib/gcc/arm-none-eabi/13.3.1/../../../../arm-none-eabi/lib/thumb/v7-m/nofp\libc_nano.a(libc_a-assert.o)
 .ARM.attributes
                0x000006ec       0x2d D:/Software/Stm32CubeIDE/STM32ide/STM32CubeIDE_2.0.0/STM32CubeIDE/plugins/com.st.stm32cube.ide.mcu.externaltools.gnu-tools-for-stm32.13.3.rel1.win32_1.0.100.202509120712/tools/bin/../lib/gcc/arm-none-eabi/13.3.1/../../../../arm-none-eabi/lib/thumb/v7-m/nofp\libc_nano.a(libc_a-findfp.o)
 .ARM.attributes
                0x00000719       0x2d D:/Software/Stm32CubeIDE/STM32ide/STM32CubeIDE_2.0.0/STM32CubeIDE/plugins/com.st.stm32cube.ide.mcu.externaltools.gnu-tools-for-stm32.13.3.rel1.win32_1.0.100.202509120712/tools/bin/../lib/gcc/arm-none-eabi/13.3.1/../../../../arm-none-eabi/lib/thumb/v7-m/nofp\libc_nano.a(libc_a-fprintf.o)
 .ARM.attributes
                0x00000746       0x2d D:/Software/Stm32CubeIDE/STM32ide/STM32CubeIDE_2.0.0/STM32CubeIDE/plugins/com.st.stm32cube.ide.mcu.externaltools.gnu-tools-for-stm32.13.3.rel1.win32_1.0.100.202509120712/tools/bin/../lib/gcc/arm-none-eabi/13.3.1/../../../../arm-none-eabi/lib/thumb/v7-m/nofp\libc_nano.a(libc_a-fwalk.o)
 .ARM.attributes
                0x00000773       0x2d D:/Software/Stm32CubeIDE/STM32ide/STM32CubeIDE_2.0.0/STM32CubeIDE/plugins/com.st.stm32cube.ide.mcu.externaltools.gnu-tools-for-stm32.13.3.rel1.win32_1.0.100.202509120712/tools/bin/../lib/gcc/arm-none-eabi/13.3.1/../../../../arm-none-eabi/lib/thumb/v7-m/nofp\libc_nano.a(libc_a-stdio.o)
 .ARM.attributes
                0x000007a0       0x2d D:/Software/Stm32CubeIDE/STM32ide/STM32CubeIDE_2.0.0/STM32CubeIDE/plugins/com.st.stm32cube.ide.mcu.externaltools.gnu-tools-for-stm32.13.3.rel1.win32_1.0.100.202509120712/tools/bin/../lib/gcc/arm-none-eabi/13.3.1/../../../../arm-none-eabi/lib/thumb/v7-m/nofp\libc_nano.a(libc_a-memset.o)
 .ARM.attributes
                0x000007cd       0x2d D:/Software/Stm32CubeIDE/STM32ide/STM32CubeIDE_2.0.0/STM32CubeIDE/plugins/com.st.stm32cube.ide.mcu.externaltools.gnu-tools-for-stm32.13.3.rel1.win32_1.0.100.202509120712/tools/bin/../lib/gcc/arm-none-eabi/13.3.1/../../../../arm-none-eabi/lib/thumb/v7-m/nofp\libc_nano.a(libc_a-closer.o)
 .ARM.attributes
                0x000007fa       0x2d D:/Software/Stm32CubeIDE/STM32ide/STM32CubeIDE_2.0.0/STM32CubeIDE/plugins/com.st.stm32cube.ide.mcu.externaltools.gnu-tools-for-stm32.13.3.rel1.win32_1.0.100.202509120712/tools/bin/../lib/gcc/arm-none-eabi/13.3.1/../../../../arm-none-eabi/lib/thumb/v7-m/nofp\libc_nano.a(libc_a-reent.o)
 .ARM.attributes
                0x00000827       0x2d D:/Software/Stm32CubeIDE/STM32ide/STM32CubeIDE_2.0.0/STM32CubeIDE/plugins/com.st.stm32cube.ide.mcu.externaltools.gnu-tools-for-stm32.13.3.rel1.win32_1.0.100.202509120712/tools/bin/../lib/gcc/arm-none-eabi/13.3.1/../../../../arm-none-eabi/lib/thumb/v7-m/nofp\libc_nano.a(libc_a-impure.o)
 .ARM.attributes
                0x00000854       0x2d D:/Software/Stm32CubeIDE/STM32ide/STM32CubeIDE_2.0.0/STM32CubeIDE/plugins/com.st.stm32cube.ide.mcu.externaltools.gnu-tools-for-stm32.13.3.rel1.win32_1.0.100.202509120712/tools/bin/../lib/gcc/arm-none-eabi/13.3.1/../../../../arm-none-eabi/lib/thumb/v7-m/nofp\libc_nano.a(libc_a-lseekr.o)
 .ARM.attributes
                0x00000881       0x2d D:/Software/Stm32CubeIDE/STM32ide/STM32CubeIDE_2.0.0/STM32CubeIDE/plugins/com.st.stm32cube.ide.mcu.externaltools.gnu-tools-for-stm32.13.3.rel1.win32_1.0.100.202509120712/tools/bin/../lib/gcc/arm-none-eabi/13.3.1/../../../../arm-none-eabi/lib/thumb/v7-m/nofp\libc_nano.a(libc_a-readr.o)
 .ARM.attributes
                0x000008ae       0x2d D:/Software/Stm32CubeIDE/STM32ide/STM32CubeIDE_2.0.0/STM32CubeIDE/plugins/com.st.stm32cube.ide.mcu.externaltools.gnu-tools-for-stm32.13.3.rel1.win32_1.0.100.202509120712/tools/bin/../lib/gcc/arm-none-eabi/13.3.1/../../../../arm-none-eabi/lib/thumb/v7-m/nofp\libc_nano.a(libc_a-writer.o)
 .ARM.attributes
                0x000008db       0x2d D:/Software/Stm32CubeIDE/STM32ide/STM32CubeIDE_2.0.0/STM32CubeIDE/plugins/com.st.stm32cube.ide.mcu.externaltools.gnu-tools-for-stm32.13.3.rel1.win32_1.0.100.202509120712/tools/bin/../lib/gcc/arm-none-eabi/13.3.1/../../../../arm-none-eabi/lib/thumb/v7-m/nofp\libc_nano.a(libc_a-errno.o)
 .ARM.attributes
                0x00000908       0x2d D:/Software/Stm32CubeIDE/STM32ide/STM32CubeIDE_2.0.0/STM32CubeIDE/plugins/com.st.stm32cube.ide.mcu.externaltools.gnu-tools-for-stm32.13.3.rel1.win32_1.0.100.202509120712/tools/bin/../lib/gcc/arm-none-eabi/13.3.1/../../../../arm-none-eabi/lib/thumb/v7-m/nofp\libc_nano.a(libc_a-init.o)
 .ARM.attributes
                0x00000935       0x2d D:/Software/Stm32CubeIDE/STM32ide/STM32CubeIDE_2.0.0/STM32CubeIDE/plugins/com.st.stm32cube.ide.mcu.externaltools.gnu-tools-for-stm32.13.3.rel1.win32_1.0.100.202509120712/tools/bin/../lib/gcc/arm-none-eabi/13.3.1/../../../../arm-none-eabi/lib/thumb/v7-m/nofp\libc_nano.a(libc_a-lock.o)
 .ARM.attributes
                0x00000962       0x2d D:/Software/Stm32CubeIDE/STM32ide/STM32CubeIDE_2.0.0/STM32CubeIDE/plugins/com.st.stm32cube.ide.mcu.externaltools.gnu-tools-for-stm32.13.3.rel1.win32_1.0.100.202509120712/tools/bin/../lib/gcc/arm-none-eabi/13.3.1/../../../../arm-none-eabi/lib/thumb/v7-m/nofp\libc_nano.a(libc_a-memcpy-stub.o)
 .ARM.attributes
                0x0000098f       0x2d D:/Software/Stm32CubeIDE/STM32ide/STM32CubeIDE_2.0.0/STM32CubeIDE/plugins/com.st.stm32cube.ide.mcu.externaltools.gnu-tools-for-stm32.13.3.rel1.win32_1.0.100.202509120712/tools/bin/../lib/gcc/arm-none-eabi/13.3.1/../../../../arm-none-eabi/lib/thumb/v7-m/nofp\libc_nano.a(libc_a-abort.o)
 .ARM.attributes
                0x000009bc       0x2d D:/Software/Stm32CubeIDE/STM32ide/STM32CubeIDE_2.0.0/STM32CubeIDE/plugins/com.st.stm32cube.ide.mcu.externaltools.gnu-tools-for-stm32.13.3.rel1.win32_1.0.100.202509120712/tools/bin/../lib/gcc/arm-none-eabi/13.3.1/../../../../arm-none-eabi/lib/thumb/v7-m/nofp\libc_nano.a(libc_a-freer.o)
 .ARM.attributes
                0x000009e9       0x2d D:/Software/Stm32CubeIDE/STM32ide/STM32CubeIDE_2.0.0/STM32CubeIDE/plugins/com.st.stm32cube.ide.mcu.externaltools.gnu-tools-for-stm32.13.3.rel1.win32_1.0.100.202509120712/tools/bin/../lib/gcc/arm-none-eabi/13.3.1/../../../../arm-none-eabi/lib/thumb/v7-m/nofp\libc_nano.a(libc_a-mallocr.o)
 .ARM.attributes
                0x00000a16       0x2d D:/Software/Stm32CubeIDE/STM32ide/STM32CubeIDE_2.0.0/STM32CubeIDE/plugins/com.st.stm32cube.ide.mcu.externaltools.gnu-tools-for-stm32.13.3.rel1.win32_1.0.100.202509120712/tools/bin/../lib/gcc/arm-none-eabi/13.3.1/../../../../arm-none-eabi/lib/thumb/v7-m/nofp\libc_nano.a(libc_a-mlock.o)
 .ARM.attributes
                0x00000a43       0x2d D:/Software/Stm32CubeIDE/STM32ide/STM32CubeIDE_2.0.0/STM32CubeIDE/plugins/com.st.stm32cube.ide.mcu.externaltools.gnu-tools-for-stm32.13.3.rel1.win32_1.0.100.202509120712/tools/bin/../lib/gcc/arm-none-eabi/13.3.1/../../../../arm-none-eabi/lib/thumb/v7-m/nofp\libc_nano.a(libc_a-nano-vfprintf.o)
 .ARM.attributes
                0x00000a70       0x2d D:/Software/Stm32CubeIDE/STM32ide/STM32CubeIDE_2.0.0/STM32CubeIDE/plugins/com.st.stm32cube.ide.mcu.externaltools.gnu-tools-for-stm32.13.3.rel1.win32_1.0.100.202509120712/tools/bin/../lib/gcc/arm-none-eabi/13.3.1/../../../../arm-none-eabi/lib/thumb/v7-m/nofp\libc_nano.a(libc_a-nano-vfprintf_i.o)
 .ARM.attributes
                0x00000a9d       0x2d D:/Software/Stm32CubeIDE/STM32ide/STM32CubeIDE_2.0.0/STM32CubeIDE/plugins/com.st.stm32cube.ide.mcu.externaltools.gnu-tools-for-stm32.13.3.rel1.win32_1.0.100.202509120712/tools/bin/../lib/gcc/arm-none-eabi/13.3.1/../../../../arm-none-eabi/lib/thumb/v7-m/nofp\libc_nano.a(libc_a-fflush.o)
 .ARM.attributes
                0x00000aca       0x2d D:/Software/Stm32CubeIDE/STM32ide/STM32CubeIDE_2.0.0/STM32CubeIDE/plugins/com.st.stm32cube.ide.mcu.externaltools.gnu-tools-for-stm32.13.3.rel1.win32_1.0.100.202509120712/tools/bin/../lib/gcc/arm-none-eabi/13.3.1/../../../../arm-none-eabi/lib/thumb/v7-m/nofp\libc_nano.a(libc_a-wbuf.o)
 .ARM.attributes
                0x00000af7       0x2d D:/Software/Stm32CubeIDE/STM32ide/STM32CubeIDE_2.0.0/STM32CubeIDE/plugins/com.st.stm32cube.ide.mcu.externaltools.gnu-tools-for-stm32.13.3.rel1.win32_1.0.100.202509120712/tools/bin/../lib/gcc/arm-none-eabi/13.3.1/../../../../arm-none-eabi/lib/thumb/v7-m/nofp\libc_nano.a(libc_a-wsetup.o)
 .ARM.attributes
                0x00000b24       0x2d D:/Software/Stm32CubeIDE/STM32ide/STM32CubeIDE_2.0.0/STM32CubeIDE/plugins/com.st.stm32cube.ide.mcu.externaltools.gnu-tools-for-stm32.13.3.rel1.win32_1.0.100.202509120712/tools/bin/../lib/gcc/arm-none-eabi/13.3.1/../../../../arm-none-eabi/lib/thumb/v7-m/nofp\libc_nano.a(libc_a-signal.o)
 .ARM.attributes
                0x00000b51       0x2d D:/Software/Stm32CubeIDE/STM32ide/STM32CubeIDE_2.0.0/STM32CubeIDE/plugins/com.st.stm32cube.ide.mcu.externaltools.gnu-tools-for-stm32.13.3.rel1.win32_1.0.100.202509120712/tools/bin/../lib/gcc/arm-none-eabi/13.3.1/../../../../arm-none-eabi/lib/thumb/v7-m/nofp\libc_nano.a(libc_a-signalr.o)
 .ARM.attributes
                0x00000b7e       0x2d D:/Software/Stm32CubeIDE/STM32ide/STM32CubeIDE_2.0.0/STM32CubeIDE/plugins/com.st.stm32cube.ide.mcu.externaltools.gnu-tools-for-stm32.13.3.rel1.win32_1.0.100.202509120712/tools/bin/../lib/gcc/arm-none-eabi/13.3.1/../../../../arm-none-eabi/lib/thumb/v7-m/nofp\libc_nano.a(libc_a-sbrkr.o)
 .ARM.attributes
                0x00000bab       0x2d D:/Software/Stm32CubeIDE/STM32ide/STM32CubeIDE_2.0.0/STM32CubeIDE/plugins/com.st.stm32cube.ide.mcu.externaltools.gnu-tools-for-stm32.13.3.rel1.win32_1.0.100.202509120712/tools/bin/../lib/gcc/arm-none-eabi/13.3.1/../../../../arm-none-eabi/lib/thumb/v7-m/nofp\libc_nano.a(libc_a-memchr-stub.o)
 .ARM.attributes
                0x00000bd8       0x2d D:/Software/Stm32CubeIDE/STM32ide/STM32CubeIDE_2.0.0/STM32CubeIDE/plugins/com.st.stm32cube.ide.mcu.externaltools.gnu-tools-for-stm32.13.3.rel1.win32_1.0.100.202509120712/tools/bin/../lib/gcc/arm-none-eabi/13.3.1/../../../../arm-none-eabi/lib/thumb/v7-m/nofp\libc_nano.a(libc_a-makebuf.o)
 .ARM.attributes
                0x00000c05       0x2d D:/Software/Stm32CubeIDE/STM32ide/STM32CubeIDE_2.0.0/STM32CubeIDE/plugins/com.st.stm32cube.ide.mcu.externaltools.gnu-tools-for-stm32.13.3.rel1.win32_1.0.100.202509120712/tools/bin/../lib/gcc/arm-none-eabi/13.3.1/../../../../arm-none-eabi/lib/thumb/v7-m/nofp\libc_nano.a(libc_a-fstatr.o)
 .ARM.attributes
                0x00000c32       0x2d D:/Software/Stm32CubeIDE/STM32ide/STM32CubeIDE_2.0.0/STM32CubeIDE/plugins/com.st.stm32cube.ide.mcu.externaltools.gnu-tools-for-stm32.13.3.rel1.win32_1.0.100.202509120712/tools/bin/../lib/gcc/arm-none-eabi/13.3.1/../../../../arm-none-eabi/lib/thumb/v7-m/nofp\libc_nano.a(libc_a-isattyr.o)
 .ARM.attributes
                0x00000c5f       0x1d D:/Software/Stm32CubeIDE/STM32ide/STM32CubeIDE_2.0.0/STM32CubeIDE/plugins/com.st.stm32cube.ide.mcu.externaltools.gnu-tools-for-stm32.13.3.rel1.win32_1.0.100.202509120712/tools/bin/../lib/gcc/arm-none-eabi/13.3.1/thumb/v7-m/nofp/crtn.o
OUTPUT(Four_CH_CalibrationBoard.elf elf32-littlearm)
LOAD linker stubs
LOAD D:/Software/Stm32CubeIDE/STM32ide/STM32CubeIDE_2.0.0/STM32CubeIDE/plugins/com.st.stm32cube.ide.mcu.externaltools.gnu-tools-for-stm32.13.3.rel1.win32_1.0.100.202509120712/tools/bin/../lib/gcc/arm-none-eabi/13.3.1/../../../../arm-none-eabi/lib/thumb/v7-m/nofp\libc.a
LOAD D:/Software/Stm32CubeIDE/STM32ide/STM32CubeIDE_2.0.0/STM32CubeIDE/plugins/com.st.stm32cube.ide.mcu.externaltools.gnu-tools-for-stm32.13.3.rel1.win32_1.0.100.202509120712/tools/bin/../lib/gcc/arm-none-eabi/13.3.1/../../../../arm-none-eabi/lib/thumb/v7-m/nofp\libm.a
LOAD D:/Software/Stm32CubeIDE/STM32ide/STM32CubeIDE_2.0.0/STM32CubeIDE/plugins/com.st.stm32cube.ide.mcu.externaltools.gnu-tools-for-stm32.13.3.rel1.win32_1.0.100.202509120712/tools/bin/../lib/gcc/arm-none-eabi/13.3.1/thumb/v7-m/nofp\libgcc.a

.debug_info     0x00000000    0x14d80
 .debug_info    0x00000000      0x2d3 ./Core/Src/gpio.o
 .debug_info    0x000002d3      0x7e3 ./Core/Src/i2c.o
 .debug_info    0x00000ab6      0x548 ./Core/Src/main.o
 .debug_info    0x00000ffe      0x7c8 ./Core/Src/spi.o
 .debug_info    0x000017c6      0x1f1 ./Core/Src/stm32f1xx_hal_msp.o
 .debug_info    0x000019b7      0x9a4 ./Core/Src/stm32f1xx_it.o
 .debug_info    0x0000235b      0x6a3 ./Core/Src/syscalls.o
 .debug_info    0x000029fe      0x168 ./Core/Src/sysmem.o
 .debug_info    0x00002b66      0x222 ./Core/Src/system_stm32f1xx.o
 .debug_info    0x00002d88      0x9a8 ./Core/Src/tim.o
 .debug_info    0x00003730      0xa13 ./Core/Src/usart.o
 .debug_info    0x00004143       0x30 ./Core/Startup/startup_stm32f103rctx.o
 .debug_info    0x00004173      0x76a ./Drivers/STM32F1xx_HAL_Driver/Src/stm32f1xx_hal.o
 .debug_info    0x000048dd      0xaed ./Drivers/STM32F1xx_HAL_Driver/Src/stm32f1xx_hal_cortex.o
 .debug_info    0x000053ca      0x6d2 ./Drivers/STM32F1xx_HAL_Driver/Src/stm32f1xx_hal_dma.o
 .debug_info    0x00005a9c      0x5ab ./Drivers/STM32F1xx_HAL_Driver/Src/stm32f1xx_hal_gpio.o
 .debug_info    0x00006047     0x2524 ./Drivers/STM32F1xx_HAL_Driver/Src/stm32f1xx_hal_i2c.o
 .debug_info    0x0000856b      0x7d5 ./Drivers/STM32F1xx_HAL_Driver/Src/stm32f1xx_hal_rcc.o
 .debug_info    0x00008d40     0x1439 ./Drivers/STM32F1xx_HAL_Driver/Src/stm32f1xx_hal_spi.o
 .debug_info    0x0000a179     0x2959 ./Drivers/STM32F1xx_HAL_Driver/Src/stm32f1xx_hal_tim.o
 .debug_info    0x0000cad2     0x149b ./Drivers/STM32F1xx_HAL_Driver/Src/stm32f1xx_hal_tim_ex.o
 .debug_info    0x0000df6d     0x2eed ./Drivers/STM32F1xx_HAL_Driver/Src/stm32f1xx_hal_uart.o
 .debug_info    0x00010e5a      0x332 ./User/Lib/FreeModbus/modbus/functions/mbfunccoils.o
 .debug_info    0x0001118c      0x20b ./User/Lib/FreeModbus/modbus/functions/mbfuncdisc.o
 .debug_info    0x00011397      0x398 ./User/Lib/FreeModbus/modbus/functions/mbfuncholding.o
 .debug_info    0x0001172f      0x1fe ./User/Lib/FreeModbus/modbus/functions/mbfuncinput.o
 .debug_info    0x0001192d      0x27d ./User/Lib/FreeModbus/modbus/functions/mbfuncother.o
 .debug_info    0x00011baa      0x2e6 ./User/Lib/FreeModbus/modbus/functions/mbutils.o
 .debug_info    0x00011e90      0x819 ./User/Lib/FreeModbus/modbus/mb.o
 .debug_info    0x000126a9      0x152 ./User/Lib/FreeModbus/modbus/rtu/mbcrc.o
 .debug_info    0x000127fb      0x638 ./User/Lib/FreeModbus/modbus/rtu/mbrtu.o
 .debug_info    0x00012e33      0x35d ./User/Lib/FreeModbus/port/port.o
 .debug_info    0x00013190      0x17a ./User/Lib/FreeModbus/port/portevent.o
 .debug_info    0x0001330a      0x6db ./User/Lib/FreeModbus/port/portserial.o
 .debug_info    0x000139e5      0x754 ./User/Lib/FreeModbus/port/porttimer.o
 .debug_info    0x00014139      0x4c9 ./User/Src/command.o
 .debug_info    0x00014602      0x77e ./User/Src/hc_smu_control.o

.debug_abbrev   0x00000000     0x3eaa
 .debug_abbrev  0x00000000      0x13f ./Core/Src/gpio.o
 .debug_abbrev  0x0000013f      0x1de ./Core/Src/i2c.o
 .debug_abbrev  0x0000031d      0x204 ./Core/Src/main.o
 .debug_abbrev  0x00000521      0x1e7 ./Core/Src/spi.o
 .debug_abbrev  0x00000708       0xdb ./Core/Src/stm32f1xx_hal_msp.o
 .debug_abbrev  0x000007e3      0x1ed ./Core/Src/stm32f1xx_it.o
 .debug_abbrev  0x000009d0      0x1b6 ./Core/Src/syscalls.o
 .debug_abbrev  0x00000b86       0xbc ./Core/Src/sysmem.o
 .debug_abbrev  0x00000c42      0x13f ./Core/Src/system_stm32f1xx.o
 .debug_abbrev  0x00000d81      0x20c ./Core/Src/tim.o
 .debug_abbrev  0x00000f8d      0x206 ./Core/Src/usart.o
 .debug_abbrev  0x00001193       0x24 ./Core/Startup/startup_stm32f103rctx.o
 .debug_abbrev  0x000011b7      0x201 ./Drivers/STM32F1xx_HAL_Driver/Src/stm32f1xx_hal.o
 .debug_abbrev  0x000013b8      0x2f8 ./Drivers/STM32F1xx_HAL_Driver/Src/stm32f1xx_hal_cortex.o
 .debug_abbrev  0x000016b0      0x20b ./Drivers/STM32F1xx_HAL_Driver/Src/stm32f1xx_hal_dma.o
 .debug_abbrev  0x000018bb      0x1ca ./Drivers/STM32F1xx_HAL_Driver/Src/stm32f1xx_hal_gpio.o
 .debug_abbrev  0x00001a85      0x2a3 ./Drivers/STM32F1xx_HAL_Driver/Src/stm32f1xx_hal_i2c.o
 .debug_abbrev  0x00001d28      0x2b3 ./Drivers/STM32F1xx_HAL_Driver/Src/stm32f1xx_hal_rcc.o
 .debug_abbrev  0x00001fdb      0x27a ./Drivers/STM32F1xx_HAL_Driver/Src/stm32f1xx_hal_spi.o
 .debug_abbrev  0x00002255      0x277 ./Drivers/STM32F1xx_HAL_Driver/Src/stm32f1xx_hal_tim.o
 .debug_abbrev  0x000024cc      0x282 ./Drivers/STM32F1xx_HAL_Driver/Src/stm32f1xx_hal_tim_ex.o
 .debug_abbrev  0x0000274e      0x2f8 ./Drivers/STM32F1xx_HAL_Driver/Src/stm32f1xx_hal_uart.o
 .debug_abbrev  0x00002a46      0x10a ./User/Lib/FreeModbus/modbus/functions/mbfunccoils.o
 .debug_abbrev  0x00002b50       0xda ./User/Lib/FreeModbus/modbus/functions/mbfuncdisc.o
 .debug_abbrev  0x00002c2a       0xf8 ./User/Lib/FreeModbus/modbus/functions/mbfuncholding.o
 .debug_abbrev  0x00002d22       0xda ./User/Lib/FreeModbus/modbus/functions/mbfuncinput.o
 .debug_abbrev  0x00002dfc      0x103 ./User/Lib/FreeModbus/modbus/functions/mbfuncother.o
 .debug_abbrev  0x00002eff      0x108 ./User/Lib/FreeModbus/modbus/functions/mbutils.o
 .debug_abbrev  0x00003007      0x224 ./User/Lib/FreeModbus/modbus/mb.o
 .debug_abbrev  0x0000322b       0x9e ./User/Lib/FreeModbus/modbus/rtu/mbcrc.o
 .debug_abbrev  0x000032c9      0x1be ./User/Lib/FreeModbus/modbus/rtu/mbrtu.o
 .debug_abbrev  0x00003487      0x119 ./User/Lib/FreeModbus/port/port.o
 .debug_abbrev  0x000035a0       0xc5 ./User/Lib/FreeModbus/port/portevent.o
 .debug_abbrev  0x00003665      0x1b7 ./User/Lib/FreeModbus/port/portserial.o
 .debug_abbrev  0x0000381c      0x1f5 ./User/Lib/FreeModbus/port/porttimer.o