../User/Lib/FreeModbus/modbus/rtu/mbrtu.c:80:1:eMBRTUInit	24	static,ignoring_inline_asm
../User/Lib/FreeModbus/modbus/rtu/mbrtu.c:125:1:eMBRTUStart	8	static,ignoring_inline_asm
../User/Lib/FreeModbus/modbus/rtu/mbrtu.c:141:1:eMBRTUStop	8	static,ignoring_inline_asm
../User/Lib/FreeModbus/modbus/rtu/mbrtu.c:150:1:eMBRTUReceive	32	static,ignoring_inline_asm
../User/Lib/FreeModbus/modbus/rtu/mbrtu.c:186:1:eMBRTUSend	24	static,ignoring_inline_asm
../User/Lib/FreeModbus/modbus/rtu/mbrtu.c:226:1:xMBRTUReceiveFSM	16	static
../User/Lib/FreeModbus/modbus/rtu/mbrtu.c:286:1:xMBRTUTransmitFSM	16	static
../User/Lib/FreeModbus/modbus/rtu/mbrtu.c:325:1:xMBRTUTimerT35Expired	16	static
